Component: Arm Compiler for Embedded 6.19 Tool: armlink [5e73cb00]

==============================================================================

Section Cross References

    main.o(.text.main) refers to delay.o(.text.DelayInit) for DelayInit
    main.o(.text.main) refers to main.o(.text.My_GPIO_Init) for My_GPIO_Init
    main.o(.text.main) refers to rfid.o(.text.RFID_Init) for RFID_Init
    main.o(.text.main) refers to main.o(.bss.CardID) for CardID
    main.o(.text.main) refers to rfid.o(.text.RFID_Check) for RFID_Check
    main.o(.text.main) refers to main.o(.bss.szBuff) for szBuff
    main.o(.text.main) refers to main.o(.rodata.str1.1) for .L.str
    main.o(.text.main) refers to sprintf.o(.text) for sprintf
    main.o(.text.main) refers to stm32f10x_gpio.o(.text.GPIO_SetBits) for GPIO_SetBits
    main.o(.text.main) refers to delay.o(.text.DelayMs) for DelayMs
    main.o(.text.main) refers to stm32f10x_gpio.o(.text.GPIO_ResetBits) for GPIO_ResetBits
    main.o(.ARM.exidx.text.main) refers to main.o(.text.main) for [Anonymous Symbol]
    main.o(.text.My_GPIO_Init) refers to stm32f10x_rcc.o(.text.RCC_APB2PeriphClockCmd) for RCC_APB2PeriphClockCmd
    main.o(.text.My_GPIO_Init) refers to stm32f10x_gpio.o(.text.GPIO_Init) for GPIO_Init
    main.o(.ARM.exidx.text.My_GPIO_Init) refers to main.o(.text.My_GPIO_Init) for [Anonymous Symbol]
    rfid.o(.text.RFID_Init) refers to spi.o(.text.SPIx_Init) for SPIx_Init
    rfid.o(.text.RFID_Init) refers to rfid.o(.text.RFID_Reset) for RFID_Reset
    rfid.o(.text.RFID_Init) refers to rfid.o(.text.RFID_WriteRegister) for RFID_WriteRegister
    rfid.o(.text.RFID_Init) refers to rfid.o(.text.RFID_AntennaOn) for RFID_AntennaOn
    rfid.o(.ARM.exidx.text.RFID_Init) refers to rfid.o(.text.RFID_Init) for [Anonymous Symbol]
    rfid.o(.text.RFID_Reset) refers to rfid.o(.text.RFID_WriteRegister) for RFID_WriteRegister
    rfid.o(.ARM.exidx.text.RFID_Reset) refers to rfid.o(.text.RFID_Reset) for [Anonymous Symbol]
    rfid.o(.text.RFID_WriteRegister) refers to spi.o(.text.SPIx_EnableSlave) for SPIx_EnableSlave
    rfid.o(.text.RFID_WriteRegister) refers to spi.o(.text.SPIx_Transfer) for SPIx_Transfer
    rfid.o(.text.RFID_WriteRegister) refers to spi.o(.text.SPIx_DisableSlave) for SPIx_DisableSlave
    rfid.o(.ARM.exidx.text.RFID_WriteRegister) refers to rfid.o(.text.RFID_WriteRegister) for [Anonymous Symbol]
    rfid.o(.text.RFID_AntennaOn) refers to rfid.o(.text.RFID_ReadRegister) for RFID_ReadRegister
    rfid.o(.text.RFID_AntennaOn) refers to rfid.o(.text.RFID_SetBitMask) for RFID_SetBitMask
    rfid.o(.ARM.exidx.text.RFID_AntennaOn) refers to rfid.o(.text.RFID_AntennaOn) for [Anonymous Symbol]
    rfid.o(.text.RFID_Check) refers to rfid.o(.text.RFID_Request) for RFID_Request
    rfid.o(.text.RFID_Check) refers to rfid.o(.text.RFID_Anticoll) for RFID_Anticoll
    rfid.o(.text.RFID_Check) refers to rfid.o(.text.RFID_Halt) for RFID_Halt
    rfid.o(.ARM.exidx.text.RFID_Check) refers to rfid.o(.text.RFID_Check) for [Anonymous Symbol]
    rfid.o(.text.RFID_Request) refers to rfid.o(.text.RFID_WriteRegister) for RFID_WriteRegister
    rfid.o(.text.RFID_Request) refers to rfid.o(.text.RFID_ToCard) for RFID_ToCard
    rfid.o(.ARM.exidx.text.RFID_Request) refers to rfid.o(.text.RFID_Request) for [Anonymous Symbol]
    rfid.o(.text.RFID_Anticoll) refers to rfid.o(.text.RFID_WriteRegister) for RFID_WriteRegister
    rfid.o(.text.RFID_Anticoll) refers to rfid.o(.text.RFID_ToCard) for RFID_ToCard
    rfid.o(.ARM.exidx.text.RFID_Anticoll) refers to rfid.o(.text.RFID_Anticoll) for [Anonymous Symbol]
    rfid.o(.text.RFID_Halt) refers to rfid.o(.text.RFID_CalculateCRC) for RFID_CalculateCRC
    rfid.o(.text.RFID_Halt) refers to rfid.o(.text.RFID_ToCard) for RFID_ToCard
    rfid.o(.ARM.exidx.text.RFID_Halt) refers to rfid.o(.text.RFID_Halt) for [Anonymous Symbol]
    rfid.o(.ARM.exidx.text.RFID_Compare) refers to rfid.o(.text.RFID_Compare) for [Anonymous Symbol]
    rfid.o(.text.RFID_ReadRegister) refers to spi.o(.text.SPIx_EnableSlave) for SPIx_EnableSlave
    rfid.o(.text.RFID_ReadRegister) refers to spi.o(.text.SPIx_Transfer) for SPIx_Transfer
    rfid.o(.text.RFID_ReadRegister) refers to spi.o(.text.SPIx_DisableSlave) for SPIx_DisableSlave
    rfid.o(.ARM.exidx.text.RFID_ReadRegister) refers to rfid.o(.text.RFID_ReadRegister) for [Anonymous Symbol]
    rfid.o(.text.RFID_SetBitMask) refers to rfid.o(.text.RFID_ReadRegister) for RFID_ReadRegister
    rfid.o(.text.RFID_SetBitMask) refers to rfid.o(.text.RFID_WriteRegister) for RFID_WriteRegister
    rfid.o(.ARM.exidx.text.RFID_SetBitMask) refers to rfid.o(.text.RFID_SetBitMask) for [Anonymous Symbol]
    rfid.o(.text.RFID_ClearBitMask) refers to rfid.o(.text.RFID_ReadRegister) for RFID_ReadRegister
    rfid.o(.text.RFID_ClearBitMask) refers to rfid.o(.text.RFID_WriteRegister) for RFID_WriteRegister
    rfid.o(.ARM.exidx.text.RFID_ClearBitMask) refers to rfid.o(.text.RFID_ClearBitMask) for [Anonymous Symbol]
[...]
    ../clib/angel/startup.s                  0x00000000   Number         0  __main.o ABSOLUTE
    ../clib/angel/sys.s                      0x00000000   Number         0  sys_stackheap_outer.o ABSOLUTE
    ../clib/angel/sys.s                      0x00000000   Number         0  libspace.o ABSOLUTE
    ../clib/angel/sys.s                      0x00000000   Number         0  use_no_semi.o ABSOLUTE
    ../clib/angel/sys.s                      0x00000000   Number         0  indicate_semi.o ABSOLUTE
    ../clib/angel/sysapp.c                   0x00000000   Number         0  sys_exit.o ABSOLUTE
    ../clib/angel/sysapp.c                   0x00000000   Number         0  sys_exit_hlt.o ABSOLUTE
    ../clib/angel/sysapp.c                   0x00000000   Number         0  sys_command.o ABSOLUTE
    ../clib/angel/sysapp.c                   0x00000000   Number         0  sys_command_hlt.o ABSOLUTE
    ../clib/angel/sysapp.c                   0x00000000   Number         0  sys_wrch.o ABSOLUTE
    ../clib/angel/sysapp.c                   0x00000000   Number         0  sys_wrch_hlt.o ABSOLUTE
    ../clib/armsys.c                         0x00000000   Number         0  argv_veneer.o ABSOLUTE
    ../clib/armsys.c                         0x00000000   Number         0  argv_veneer.o ABSOLUTE
    ../clib/armsys.c                         0x00000000   Number         0  _get_argv_nomalloc.o ABSOLUTE
    ../clib/armsys.c                         0x00000000   Number         0  no_argv.o ABSOLUTE
    ../clib/bigflt.c                         0x00000000   Number         0  bigflt0.o ABSOLUTE
    ../clib/btod.s                           0x00000000   Number         0  btod.o ABSOLUTE
    ../clib/btod_accurate.c                  0x00000000   Number         0  btod_accurate.o ABSOLUTE
    ../clib/btod_accurate.c                  0x00000000   Number         0  btod_accurate_common.o ABSOLUTE
    ../clib/heapalloc.c                      0x00000000   Number         0  hrguard.o ABSOLUTE
    ../clib/heapaux.c                        0x00000000   Number         0  heapauxi.o ABSOLUTE
    ../clib/libinit.s                        0x00000000   Number         0  libinit.o ABSOLUTE
    ../clib/libinit.s                        0x00000000   Number         0  libinit2.o ABSOLUTE
    ../clib/libinit.s                        0x00000000   Number         0  libshutdown.o ABSOLUTE
    ../clib/libinit.s                        0x00000000   Number         0  libshutdown2.o ABSOLUTE
    ../clib/locale.c                         0x00000000   Number         0  _c16rtomb.o ABSOLUTE
    ../clib/locale.s                         0x00000000   Number         0  lc_numeric_c.o ABSOLUTE
    ../clib/locale.s                         0x00000000   Number         0  lc_ctype_c.o ABSOLUTE
    ../clib/longlong.s                       0x00000000   Number         0  lludiv10.o ABSOLUTE
    ../clib/longlong.s                       0x00000000   Number         0  llushr.o ABSOLUTE
    ../clib/memcpset.s                       0x00000000   Number         0  strcmpv7m.o ABSOLUTE
    ../clib/misc.s                           0x00000000   Number         0  printf_stubs.o ABSOLUTE
    ../clib/printf.c                         0x00000000   Number         0  sprintf.o ABSOLUTE
    ../clib/printf.c                         0x00000000   Number         0  __printf.o ABSOLUTE
    ../clib/printf.c                         0x00000000   Number         0  _printf_pad.o ABSOLUTE
    ../clib/printf.c                         0x00000000   Number         0  _printf_truncate.o ABSOLUTE
    ../clib/printf.c                         0x00000000   Number         0  _printf_str.o ABSOLUTE
    ../clib/printf.c                         0x00000000   Number         0  _printf_dec.o ABSOLUTE
    ../clib/printf.c                         0x00000000   Number         0  _printf_charcount.o ABSOLUTE
    ../clib/printf.c                         0x00000000   Number         0  _printf_char_common.o ABSOLUTE
    ../clib/printf.c                         0x00000000   Number         0  _sputc.o ABSOLUTE
    ../clib/printf.c                         0x00000000   Number         0  _printf_wctomb.o ABSOLUTE
    ../clib/printf.c                         0x00000000   Number         0  _printf_longlong_dec.o ABSOLUTE
    ../clib/printf.c                         0x00000000   Number         0  _printf_oct_ll.o ABSOLUTE
    ../clib/printf.c                         0x00000000   Number         0  _printf_oct_int.o ABSOLUTE
    ../clib/printf.c                         0x00000000   Number         0  _printf_oct_int_ll.o ABSOLUTE
    ../clib/printf.c                         0x00000000   Number         0  _printf_hex_ll.o ABSOLUTE
    ../clib/printf.c                         0x00000000   Number         0  _printf_hex_int.o ABSOLUTE
    ../clib/printf.c                         0x00000000   Number         0  _printf_hex_int_ll.o ABSOLUTE
    ../clib/printf.c                         0x00000000   Number         0  _printf_hex_ptr.o ABSOLUTE
    ../clib/printf.c                         0x00000000   Number         0  _printf_hex_int_ptr.o ABSOLUTE
    ../clib/printf.c                         0x00000000   Number         0  _printf_hex_ll_ptr.o ABSOLUTE
    ../clib/printf.c                         0x00000000   Number         0  _printf_hex_int_ll_ptr.o ABSOLUTE
    ../clib/printf.c                         0x00000000   Number         0  __printf_flags.o ABSOLUTE
    ../clib/printf.c                         0x00000000   Number         0  __printf_ss.o ABSOLUTE
    ../clib/printf.c                         0x00000000   Number         0  __printf_flags_ss.o ABSOLUTE
    ../clib/printf.c                         0x00000000   Number         0  __printf_wp.o ABSOLUTE
    ../clib/printf.c                         0x00000000   Number         0  __printf_flags_wp.o ABSOLUTE
    ../clib/printf.c                         0x00000000   Number         0  __printf_ss_wp.o ABSOLUTE
    ../clib/printf.c                         0x00000000   Number         0  __printf_flags_ss_wp.o ABSOLUTE
    ../clib/printf.c                         0x00000000   Number         0  _printf_intcommon.o ABSOLUTE
    ../clib/printf.c                         0x00000000   Number         0  _printf_fp_dec.o ABSOLUTE
    ../clib/printf.c                         0x00000000   Number         0  _printf_fp_dec_accurate.o ABSOLUTE
    ../clib/printf.c                         0x00000000   Number         0  _printf_fp_hex.o ABSOLUTE
    ../clib/printf.c                         0x00000000   Number         0  __printf_nopercent.o ABSOLUTE
    ../clib/printf.c                         0x00000000   Number         0  _printf_char.o ABSOLUTE
    ../clib/printf.c                         0x00000000   Number         0  _printf_wchar.o ABSOLUTE
    ../clib/printf.c                         0x00000000   Number         0  _printf_fp_infnan.o ABSOLUTE
    ../clib/printf_percent.s                 0x00000000   Number         0  _printf_c.o ABSOLUTE
    ../clib/printf_percent.s                 0x00000000   Number         0  _printf_s.o ABSOLUTE
    ../clib/printf_percent.s                 0x00000000   Number         0  _printf_n.o ABSOLUTE
    ../clib/printf_percent.s                 0x00000000   Number         0  _printf_x.o ABSOLUTE
    ../clib/printf_percent.s                 0x00000000   Number         0  _printf_p.o ABSOLUTE
    ../clib/printf_percent.s                 0x00000000   Number         0  _printf_o.o ABSOLUTE
    ../clib/printf_percent.s                 0x00000000   Number         0  _printf_i.o ABSOLUTE
    ../clib/printf_percent.s                 0x00000000   Number         0  _printf_d.o ABSOLUTE
    ../clib/printf_percent.s                 0x00000000   Number         0  _printf_u.o ABSOLUTE
    ../clib/printf_percent.s                 0x00000000   Number         0  _printf_f.o ABSOLUTE
    ../clib/printf_percent.s                 0x00000000   Number         0  _printf_e.o ABSOLUTE
    ../clib/printf_percent.s                 0x00000000   Number         0  _printf_g.o ABSOLUTE
    ../clib/printf_percent.s                 0x00000000   Number         0  _printf_a.o ABSOLUTE
    ../clib/printf_percent.s                 0x00000000   Number         0  _printf_percent.o ABSOLUTE
    ../clib/printf_percent.s                 0x00000000   Number         0  _printf_lli.o ABSOLUTE
    ../clib/printf_percent.s                 0x00000000   Number         0  _printf_lld.o ABSOLUTE
    ../clib/printf_percent.s                 0x00000000   Number         0  _printf_llu.o ABSOLUTE
    ../clib/printf_percent.s                 0x00000000   Number         0  _printf_ll.o ABSOLUTE
    ../clib/printf_percent.s                 0x00000000   Number         0  _printf_l.o ABSOLUTE
    ../clib/printf_percent.s                 0x00000000   Number         0  _printf_lc.o ABSOLUTE
    ../clib/printf_percent.s                 0x00000000   Number         0  _printf_ls.o ABSOLUTE
    ../clib/printf_percent.s                 0x00000000   Number         0  _printf_llo.o ABSOLUTE
    ../clib/printf_percent.s                 0x00000000   Number         0  _printf_llx.o ABSOLUTE
    ../clib/printf_percent.s                 0x00000000   Number         0  _printf_percent_end.o ABSOLUTE
    ../clib/signal.c                         0x00000000   Number         0  defsig_rtmem_outer.o ABSOLUTE
    ../clib/signal.c                         0x00000000   Number         0  defsig_rtmem_formal.o ABSOLUTE
    ../clib/signal.c                         0x00000000   Number         0  defsig_exit.o ABSOLUTE
    ../clib/signal.c                         0x00000000   Number         0  defsig_rtmem_inner.o ABSOLUTE
    ../clib/signal.c                         0x00000000   Number         0  __raise.o ABSOLUTE
    ../clib/signal.c                         0x00000000   Number         0  defsig_general.o ABSOLUTE
    ../clib/signal.c                         0x00000000   Number         0  defsig_abrt_inner.o ABSOLUTE
    ../clib/signal.c                         0x00000000   Number         0  defsig_fpe_inner.o ABSOLUTE
    ../clib/signal.c                         0x00000000   Number         0  defsig_rtred_inner.o ABSOLUTE
    ../clib/signal.c                         0x00000000   Number         0  defsig_stak_inner.o ABSOLUTE
    ../clib/signal.c                         0x00000000   Number         0  defsig_pvfn_inner.o ABSOLUTE
    ../clib/signal.c                         0x00000000   Number         0  defsig_cppl_inner.o ABSOLUTE
    ../clib/signal.c                         0x00000000   Number         0  defsig_segv_inner.o ABSOLUTE
    ../clib/signal.c                         0x00000000   Number         0  defsig_other.o ABSOLUTE
    ../clib/signal.s                         0x00000000   Number         0  defsig.o ABSOLUTE
    ../clib/stdlib.c                         0x00000000   Number         0  exit.o ABSOLUTE
    ../fplib/fpinit.s                        0x00000000   Number         0  fpinit.o ABSOLUTE
    ../fplib/fpinit_empty.s                  0x00000000   Number         0  fpinit_empty.o ABSOLUTE
    ../fplib/istatus.s                       0x00000000   Number         0  istatus.o ABSOLUTE
    ../fplib/printf1.s                       0x00000000   Number         0  printf1.o ABSOLUTE
    ../fplib/printf2.s                       0x00000000   Number         0  printf2.o ABSOLUTE
    ../fplib/printf2a.s                      0x00000000   Number         0  printf2a.o ABSOLUTE
    ../fplib/printf2b.s                      0x00000000   Number         0  printf2b.o ABSOLUTE
    ../fplib/usenofp.s                       0x00000000   Number         0  usenofp.o ABSOLUTE
    ../mathlib/fpclassify.c                  0x00000000   Number         0  fpclassify.o ABSOLUTE
    GPIO_STM32F10x.c                         0x00000000   Number         0  gpio_stm32f10x.o ABSOLUTE
    RFID.c                                   0x00000000   Number         0  rfid.o ABSOLUTE
    RTE/Device/STM32F103C8/startup_stm32f10x_md.s 0x00000000   Number         0  startup_stm32f10x_md.o ABSOLUTE
    SPI.c                                    0x00000000   Number         0  spi.o ABSOLUTE
    dc.s                                     0x00000000   Number         0  dc.o ABSOLUTE
    delay.c                                  0x00000000   Number         0  delay.o ABSOLUTE
    main.c                                   0x00000000   Number         0  main.o ABSOLUTE
    misc.c                                   0x00000000   Number         0  misc.o ABSOLUTE
    stm32f10x_gpio.c                         0x00000000   Number         0  stm32f10x_gpio.o ABSOLUTE
    stm32f10x_rcc.c                          0x00000000   Number         0  stm32f10x_rcc.o ABSOLUTE
    stm32f10x_spi.c                          0x00000000   Number         0  stm32f10x_spi.o ABSOLUTE
    stm32f10x_tim.c                          0x00000000   Number         0  stm32f10x_tim.o ABSOLUTE
    stm32f10x_usart.c                        0x00000000   Number         0  stm32f10x_usart.o ABSOLUTE
    system_stm32f10x.c                       0x00000000   Number         0  system_stm32f10x.o ABSOLUTE
    RESET                                    0x08000000   Section      236  startup_stm32f10x_md.o(RESET)
    !!!main                                  0x080000ec   Section        8  __main.o(!!!main)
    !!!scatter                               0x080000f4   Section       52  __scatter.o(!!!scatter)
    !!handler_copy                           0x08000128   Section       26  __scatter_copy.o(!!handler_copy)
    !!handler_zi                             0x08000144   Section       28  __scatter_zi.o(!!handler_zi)
    .ARM.Collect$$_printf_percent$$00000000  0x08000160   Section        0  _printf_percent.o(.ARM.Collect$$_printf_percent$$00000000)
    .ARM.Collect$$_printf_percent$$00000001  0x08000160   Section        6  _printf_n.o(.ARM.Collect$$_printf_percent$$00000001)
    .ARM.Collect$$_printf_percent$$00000002  0x08000166   Section        6  _printf_p.o(.ARM.Collect$$_printf_percent$$00000002)
    .ARM.Collect$$_printf_percent$$00000003  0x0800016c   Section        6  _printf_f.o(.ARM.Collect$$_printf_percent$$00000003)
    .ARM.Collect$$_printf_percent$$00000004  0x08000172   Section        6  _printf_e.o(.ARM.Collect$$_printf_percent$$00000004)
    .ARM.Collect$$_printf_percent$$00000005  0x08000178   Section        6  _printf_g.o(.ARM.Collect$$_printf_percent$$00000005)
    .ARM.Collect$$_printf_percent$$00000006  0x0800017e   Section        6  _printf_a.o(.ARM.Collect$$_printf_percent$$00000006)
    .ARM.Collect$$_printf_percent$$00000007  0x08000184   Section       10  _printf_ll.o(.ARM.Collect$$_printf_percent$$00000007)
    .ARM.Collect$$_printf_percent$$00000008  0x0800018e   Section        6  _printf_i.o(.ARM.Collect$$_printf_percent$$00000008)
    .ARM.Collect$$_printf_percent$$00000009  0x08000194   Section        6  _printf_d.o(.ARM.Collect$$_printf_percent$$00000009)
    .ARM.Collect$$_printf_percent$$0000000A  0x0800019a   Section        6  _printf_u.o(.ARM.Collect$$_printf_percent$$0000000A)
    .ARM.Collect$$_printf_percent$$0000000B  0x080001a0   Section        6  _printf_o.o(.ARM.Collect$$_printf_percent$$0000000B)
    .ARM.Collect$$_printf_percent$$0000000C  0x080001a6   Section        6  _printf_x.o(.ARM.Collect$$_printf_percent$$0000000C)
    .ARM.Collect$$_printf_percent$$0000000D  0x080001ac   Section        6  _printf_lli.o(.ARM.Collect$$_printf_percent$$0000000D)
    .ARM.Collect$$_printf_percent$$0000000E  0x080001b2   Section        6  _printf_lld.o(.ARM.Collect$$_printf_percent$$0000000E)
    .ARM.Collect$$_printf_percent$$0000000F  0x080001b8   Section        6  _printf_llu.o(.ARM.Collect$$_printf_percent$$0000000F)
    .ARM.Collect$$_printf_percent$$00000010  0x080001be   Section        6  _printf_llo.o(.ARM.Collect$$_printf_percent$$00000010)
    .ARM.Collect$$_printf_percent$$00000011  0x080001c4   Section        6  _printf_llx.o(.ARM.Collect$$_printf_percent$$00000011)
    .ARM.Collect$$_printf_percent$$00000012  0x080001ca   Section       10  _printf_l.o(.ARM.Collect$$_printf_percent$$00000012)
    .ARM.Collect$$_printf_percent$$00000013  0x080001d4   Section        6  _printf_c.o(.ARM.Collect$$_printf_percent$$00000013)
    .ARM.Collect$$_printf_percent$$00000014  0x080001da   Section        6  _printf_s.o(.ARM.Collect$$_printf_percent$$00000014)
    .ARM.Collect$$_printf_percent$$00000015  0x080001e0   Section        6  _printf_lc.o(.ARM.Collect$$_printf_percent$$00000015)
    .ARM.Collect$$_printf_percent$$00000016  0x080001e6   Section        6  _printf_ls.o(.ARM.Collect$$_printf_percent$$00000016)
    .ARM.Collect$$_printf_percent$$00000017  0x080001ec   Section        4  _printf_percent_end.o(.ARM.Collect$$_printf_percent$$00000017)
    .ARM.Collect$$libinit$$00000000          0x080001f0   Section        2  libinit.o(.ARM.Collect$$libinit$$00000000)
    .ARM.Collect$$libinit$$00000002          0x080001f2   Section        0  libinit2.o(.ARM.Collect$$libinit$$00000002)
    .ARM.Collect$$libinit$$00000004          0x080001f2   Section        0  libinit2.o(.ARM.Collect$$libinit$$00000004)
    .ARM.Collect$$libinit$$00000006          0x080001f2   Section        0  libinit2.o(.ARM.Collect$$libinit$$00000006)
    .ARM.Collect$$libinit$$0000000C          0x080001f2   Section        0  libinit2.o(.ARM.Collect$$libinit$$0000000C)
    .ARM.Collect$$libinit$$0000000E          0x080001f2   Section        0  libinit2.o(.ARM.Collect$$libinit$$0000000E)
    .ARM.Collect$$libinit$$00000010          0x080001f2   Section        0  libinit2.o(.ARM.Collect$$libinit$$00000010)
    .ARM.Collect$$libinit$$00000011          0x080001f2   Section        6  libinit2.o(.ARM.Collect$$libinit$$00000011)
    .ARM.Collect$$libinit$$00000013          0x080001f8   Section        0  libinit2.o(.ARM.Collect$$libinit$$00000013)
    .ARM.Collect$$libinit$$00000014          0x080001f8   Section       12  libinit2.o(.ARM.Collect$$libinit$$00000014)
    .ARM.Collect$$libinit$$00000015          0x08000204   Section        0  libinit2.o(.ARM.Collect$$libinit$$00000015)
    .ARM.Collect$$libinit$$00000017          0x08000204   Section        0  libinit2.o(.ARM.Collect$$libinit$$00000017)
    .ARM.Collect$$libinit$$00000018          0x08000204   Section       10  libinit2.o(.ARM.Collect$$libinit$$00000018)
    .ARM.Collect$$libinit$$00000019          0x0800020e   Section        0  libinit2.o(.ARM.Collect$$libinit$$00000019)
    .ARM.Collect$$libinit$$0000001B          0x0800020e   Section        0  libinit2.o(.ARM.Collect$$libinit$$0000001B)
    .ARM.Collect$$libinit$$0000001D          0x0800020e   Section        0  libinit2.o(.ARM.Collect$$libinit$$0000001D)
    .ARM.Collect$$libinit$$0000001F          0x0800020e   Section        0  libinit2.o(.ARM.Collect$$libinit$$0000001F)
    .ARM.Collect$$libinit$$00000021          0x0800020e   Section        0  libinit2.o(.ARM.Collect$$libinit$$00000021)
    .ARM.Collect$$libinit$$00000023          0x0800020e   Section        0  libinit2.o(.ARM.Collect$$libinit$$00000023)
    .ARM.Collect$$libinit$$00000025          0x0800020e   Section        0  libinit2.o(.ARM.Collect$$libinit$$00000025)
    .ARM.Collect$$libinit$$00000027          0x0800020e   Section        0  libinit2.o(.ARM.Collect$$libinit$$00000027)
    .ARM.Collect$$libinit$$0000002E          0x0800020e   Section        0  libinit2.o(.ARM.Collect$$libinit$$0000002E)
    .ARM.Collect$$libinit$$00000030          0x0800020e   Section        0  libinit2.o(.ARM.Collect$$libinit$$00000030)
    .ARM.Collect$$libinit$$00000032          0x0800020e   Section        0  libinit2.o(.ARM.Collect$$libinit$$00000032)
    .ARM.Collect$$libinit$$00000034          0x0800020e   Section        0  libinit2.o(.ARM.Collect$$libinit$$00000034)
    .ARM.Collect$$libinit$$00000035          0x0800020e   Section        2  libinit2.o(.ARM.Collect$$libinit$$00000035)
    .ARM.Collect$$libshutdown$$00000000      0x08000210   Section        2  libshutdown.o(.ARM.Collect$$libshutdown$$00000000)
    .ARM.Collect$$libshutdown$$00000002      0x08000212   Section        0  libshutdown2.o(.ARM.Collect$$libshutdown$$00000002)
    .ARM.Collect$$libshutdown$$00000004      0x08000212   Section        0  libshutdown2.o(.ARM.Collect$$libshutdown$$00000004)
    .ARM.Collect$$libshutdown$$00000007      0x08000212   Section        0  libshutdown2.o(.ARM.Collect$$libshutdown$$00000007)
    .ARM.Collect$$libshutdown$$0000000A      0x08000212   Section        0  libshutdown2.o(.ARM.Collect$$libshutdown$$0000000A)
    .ARM.Collect$$libshutdown$$0000000C      0x08000212   Section        0  libshutdown2.o(.ARM.Collect$$libshutdown$$0000000C)
    .ARM.Collect$$libshutdown$$0000000F      0x08000212   Section        0  libshutdown2.o(.ARM.Collect$$libshutdown$$0000000F)
    .ARM.Collect$$libshutdown$$00000010      0x08000212   Section        2  libshutdown2.o(.ARM.Collect$$libshutdown$$00000010)
    .ARM.Collect$$rtentry$$00000000          0x08000214   Section        0  __rtentry.o(.ARM.Collect$$rtentry$$00000000)
    .ARM.Collect$$rtentry$$00000002          0x08000214   Section        0  __rtentry2.o(.ARM.Collect$$rtentry$$00000002)
    .ARM.Collect$$rtentry$$00000004          0x08000214   Section        6  __rtentry4.o(.ARM.Collect$$rtentry$$00000004)
    .ARM.Collect$$rtentry$$00000009          0x0800021a   Section        0  __rtentry2.o(.ARM.Collect$$rtentry$$00000009)
    .ARM.Collect$$rtentry$$0000000A          0x0800021a   Section        4  __rtentry2.o(.ARM.Collect$$rtentry$$0000000A)
    .ARM.Collect$$rtentry$$0000000C          0x0800021e   Section        0  __rtentry2.o(.ARM.Collect$$rtentry$$0000000C)
    .ARM.Collect$$rtentry$$0000000D          0x0800021e   Section        8  __rtentry2.o(.ARM.Collect$$rtentry$$0000000D)
    .ARM.Collect$$rtexit$$00000000           0x08000226   Section        2  rtexit.o(.ARM.Collect$$rtexit$$00000000)
    .ARM.Collect$$rtexit$$00000002           0x08000228   Section        0  rtexit2.o(.ARM.Collect$$rtexit$$00000002)
    .ARM.Collect$$rtexit$$00000003           0x08000228   Section        4  rtexit2.o(.ARM.Collect$$rtexit$$00000003)
    .ARM.Collect$$rtexit$$00000004           0x0800022c   Section        6  rtexit2.o(.ARM.Collect$$rtexit$$00000004)
    .text                                    0x08000234   Section       64  startup_stm32f10x_md.o(.text)
    .text                                    0x08000274   Section        0  sprintf.o(.text)
    .text                                    0x080002a0   Section        0  heapauxi.o(.text)
    .text                                    0x080002a6   Section        0  _printf_pad.o(.text)
    .text                                    0x080002f4   Section        0  _printf_truncate.o(.text)
    .text                                    0x08000318   Section        0  _printf_str.o(.text)
    .text                                    0x0800036c   Section        0  _printf_dec.o(.text)
    .text                                    0x080003e4   Section        0  _printf_charcount.o(.text)
    _printf_input_char                       0x0800040d   Thumb Code    10  _printf_char_common.o(.text)
    .text                                    0x0800040c   Section        0  _printf_char_common.o(.text)
    .text                                    0x0800043c   Section        0  _sputc.o(.text)
    .text                                    0x08000448   Section        0  _printf_wctomb.o(.text)
    .text                                    0x08000504   Section        0  _printf_longlong_dec.o(.text)
    _printf_longlong_oct_internal            0x08000581   Thumb Code     0  _printf_oct_int_ll.o(.text)
    .text                                    0x08000580   Section        0  _printf_oct_int_ll.o(.text)
    _printf_hex_common                       0x080005f1   Thumb Code     0  _printf_hex_int_ll_ptr.o(.text)
    .text                                    0x080005f0   Section        0  _printf_hex_int_ll_ptr.o(.text)
    .text                                    0x08000684   Section        0  __printf_flags_ss_wp.o(.text)
    .text                                    0x0800080c   Section      138  lludiv10.o(.text)
    .text                                    0x08000896   Section        0  _printf_intcommon.o(.text)
    _fp_digits                               0x08000949   Thumb Code   432  _printf_fp_dec.o(.text)
    .text                                    0x08000948   Section        0  _printf_fp_dec.o(.text)
    .text                                    0x08000d64   Section        0  _printf_fp_hex.o(.text)
    .text                                    0x08001060   Section        0  _printf_char.o(.text)
    .text                                    0x0800108c   Section        0  _printf_wchar.o(.text)
    .text                                    0x080010b8   Section        0  _c16rtomb.o(.text)
    .text                                    0x08001100   Section       74  sys_stackheap_outer.o(.text)
    .text                                    0x0800114c   Section       16  rt_ctype_table.o(.text)
    .text                                    0x0800115c   Section        8  rt_locale_intlibspace.o(.text)
    .text                                    0x08001164   Section        0  _printf_fp_infnan.o(.text)
    .text                                    0x080011e4   Section        0  bigflt0.o(.text)
    .text                                    0x080012c8   Section        0  exit.o(.text)
    .text                                    0x080012dc   Section        8  libspace.o(.text)
    .text                                    0x080012e4   Section      128  strcmpv7m.o(.text)
    .text                                    0x08001364   Section        0  sys_exit.o(.text)
    .text                                    0x08001370   Section        2  use_no_semi.o(.text)
    .text                                    0x08001372   Section        0  indicate_semi.o(.text)
    [Anonymous Symbol]                       0x08001374   Section        0  delay.o(.text.DelayInit)
    [Anonymous Symbol]                       0x08001398   Section        0  delay.o(.text.DelayMs)
    [Anonymous Symbol]                       0x080013b8   Section        0  delay.o(.text.DelayUs)
    [Anonymous Symbol]                       0x080013e0   Section        0  stm32f10x_gpio.o(.text.GPIO_Init)
    [Anonymous Symbol]                       0x08001568   Section        0  stm32f10x_gpio.o(.text.GPIO_ResetBits)
    [Anonymous Symbol]                       0x0800157c   Section        0  stm32f10x_gpio.o(.text.GPIO_SetBits)
    [Anonymous Symbol]                       0x08001590   Section        0  main.o(.text.My_GPIO_Init)
    [Anonymous Symbol]                       0x080015c4   Section        0  stm32f10x_rcc.o(.text.RCC_APB2PeriphClockCmd)
    [Anonymous Symbol]                       0x080015fc   Section        0  rfid.o(.text.RFID_AntennaOn)
    [Anonymous Symbol]                       0x08001624   Section        0  rfid.o(.text.RFID_Anticoll)
    [Anonymous Symbol]                       0x080016b8   Section        0  rfid.o(.text.RFID_CalculateCRC)
    [Anonymous Symbol]                       0x0800176c   Section        0  rfid.o(.text.RFID_Check)
    [Anonymous Symbol]                       0x080017a0   Section        0  rfid.o(.text.RFID_ClearBitMask)
    [Anonymous Symbol]                       0x080017c8   Section        0  rfid.o(.text.RFID_Halt)
    [Anonymous Symbol]                       0x08001800   Section        0  rfid.o(.text.RFID_Init)
    [Anonymous Symbol]                       0x08001848   Section        0  rfid.o(.text.RFID_ReadRegister)
    [Anonymous Symbol]                       0x08001878   Section        0  rfid.o(.text.RFID_Request)
    [Anonymous Symbol]                       0x080018cc   Section        0  rfid.o(.text.RFID_Reset)
    [Anonymous Symbol]                       0x080018d8   Section        0  rfid.o(.text.RFID_SetBitMask)
    [Anonymous Symbol]                       0x08001900   Section        0  rfid.o(.text.RFID_ToCard)
    [Anonymous Symbol]                       0x08001b1c   Section        0  rfid.o(.text.RFID_WriteRegister)
    [Anonymous Symbol]                       0x08001b4c   Section        0  stm32f10x_spi.o(.text.SPI_Cmd)
    [Anonymous Symbol]                       0x08001b78   Section        0  stm32f10x_spi.o(.text.SPI_Init)
    [Anonymous Symbol]                       0x08001be0   Section        0  spi.o(.text.SPIx_DisableSlave)
    [Anonymous Symbol]                       0x08001bf0   Section        0  spi.o(.text.SPIx_EnableSlave)
    [Anonymous Symbol]                       0x08001c00   Section        0  spi.o(.text.SPIx_Init)
    [Anonymous Symbol]                       0x08001ca4   Section        0  spi.o(.text.SPIx_Transfer)
    SetSysClock                              0x08001d09   Thumb Code     8  system_stm32f10x.o(.text.SetSysClock)
    [Anonymous Symbol]                       0x08001d08   Section        0  system_stm32f10x.o(.text.SetSysClock)
    SetSysClockTo72                          0x08001d11   Thumb Code   290  system_stm32f10x.o(.text.SetSysClockTo72)
    [Anonymous Symbol]                       0x08001d10   Section        0  system_stm32f10x.o(.text.SetSysClockTo72)
    SysTick_Config                           0x08001e35   Thumb Code    82  delay.o(.text.SysTick_Config)
    [Anonymous Symbol]                       0x08001e34   Section        0  delay.o(.text.SysTick_Config)
    [Anonymous Symbol]                       0x08001e88   Section        0  delay.o(.text.SysTick_Handler)
    [Anonymous Symbol]                       0x08001ea8   Section        0  system_stm32f10x.o(.text.SystemCoreClockUpdate)
    [Anonymous Symbol]                       0x08001fcc   Section        0  system_stm32f10x.o(.text.SystemInit)
    __NVIC_SetPriority                       0x08002035   Thumb Code    66  delay.o(.text.__NVIC_SetPriority)
    [Anonymous Symbol]                       0x08002034   Section        0  delay.o(.text.__NVIC_SetPriority)
    [Anonymous Symbol]                       0x08002078   Section        0  main.o(.text.main)
    CL$$btod_d2e                             0x080020fc   Section       62  btod.o(CL$$btod_d2e)
    CL$$btod_d2e_denorm_low                  0x0800213a   Section       70  btod.o(CL$$btod_d2e_denorm_low)
    CL$$btod_d2e_norm_op1                    0x08002180   Section       96  btod.o(CL$$btod_d2e_norm_op1)
    CL$$btod_div_common                      0x080021e0   Section      824  btod.o(CL$$btod_div_common)
    CL$$btod_e2e                             0x08002518   Section      220  btod.o(CL$$btod_e2e)
    CL$$btod_ediv                            0x080025f4   Section       42  btod.o(CL$$btod_ediv)
    CL$$btod_emul                            0x0800261e   Section       42  btod.o(CL$$btod_emul)
    CL$$btod_mult_common                     0x08002648   Section      580  btod.o(CL$$btod_mult_common)
    i.__ARM_fpclassify                       0x0800288c   Section        0  fpclassify.o(i.__ARM_fpclassify)
    i._is_digit                              0x080028b4   Section        0  __printf_wp.o(i._is_digit)
    locale$$code                             0x080028c4   Section       44  lc_numeric_c.o(locale$$code)
    locale$$code                             0x080028f0   Section       44  lc_ctype_c.o(locale$$code)
    x$fpl$printf1                            0x0800291c   Section        4  printf1.o(x$fpl$printf1)
    x$fpl$printf2                            0x08002920   Section        4  printf2.o(x$fpl$printf2)
    initial_mbstate                          0x08002924   Data           8  _printf_wctomb.o(.constdata)
    .constdata                               0x08002924   Section        8  _printf_wctomb.o(.constdata)
    x$fpl$usenofp                            0x08002924   Section        0  usenofp.o(x$fpl$usenofp)
    uc_hextab                                0x0800292c   Data          20  _printf_hex_int_ll_ptr.o(.constdata)
    .constdata                               0x0800292c   Section       40  _printf_hex_int_ll_ptr.o(.constdata)
    lc_hextab                                0x08002940   Data          20  _printf_hex_int_ll_ptr.o(.constdata)
    maptable                                 0x08002954   Data          17  __printf_flags_ss_wp.o(.constdata)
    .constdata                               0x08002954   Section       17  __printf_flags_ss_wp.o(.constdata)
    lc_hextab                                0x08002965   Data          19  _printf_fp_hex.o(.constdata)
    .constdata                               0x08002965   Section       38  _printf_fp_hex.o(.constdata)
    uc_hextab                                0x08002978   Data          19  _printf_fp_hex.o(.constdata)
    tenpwrs_x                                0x0800298c   Data          60  bigflt0.o(.constdata)
    .constdata                               0x0800298c   Section      148  bigflt0.o(.constdata)
    tenpwrs_i                                0x080029c8   Data          64  bigflt0.o(.constdata)
    .L.str                                   0x08002a30   Data          27  main.o(.rodata.str1.1)
    [Anonymous Symbol]                       0x08002a30   Section        0  main.o(.rodata.str1.1)
    locale$$data                             0x08002a6c   Section       28  lc_numeric_c.o(locale$$data)
    __lcnum_c_name                           0x08002a70   Data           2  lc_numeric_c.o(locale$$data)
    __lcnum_c_start                          0x08002a78   Data           0  lc_numeric_c.o(locale$$data)
    __lcnum_c_point                          0x08002a84   Data           0  lc_numeric_c.o(locale$$data)
    __lcnum_c_thousands                      0x08002a86   Data           0  lc_numeric_c.o(locale$$data)
    __lcnum_c_grouping                       0x08002a87   Data           0  lc_numeric_c.o(locale$$data)
    __lcnum_c_end                            0x08002a88   Data           0  lc_numeric_c.o(locale$$data)
    locale$$data                             0x08002a88   Section      272  lc_ctype_c.o(locale$$data)
    __lcctype_c_name                         0x08002a8c   Data           2  lc_ctype_c.o(locale$$data)
    __lcctype_c_start                        0x08002a94   Data           0  lc_ctype_c.o(locale$$data)
    __lcctype_c_end                          0x08002b98   Data           0  lc_ctype_c.o(locale$$data)
    .bss                                     0x20000008   Section       96  libspace.o(.bss)
    usTicks                                  0x200000d4   Data           4  delay.o(.bss.usTicks)
    [Anonymous Symbol]                       0x200000d4   Section        0  delay.o(.bss.usTicks)
    Heap_Mem                                 0x200000d8   Data         512  startup_stm32f10x_md.o(HEAP)
    HEAP                                     0x200000d8   Section      512  startup_stm32f10x_md.o(HEAP)
    Stack_Mem                                0x200002d8   Data        1024  startup_stm32f10x_md.o(STACK)
    STACK                                    0x200002d8   Section     1024  startup_stm32f10x_md.o(STACK)
    __initial_sp                             0x200006d8   Data           0  startup_stm32f10x_md.o(STACK)

    Global Symbols

    Symbol Name                              Value     Ov Type        Size  Object(Section)

    BuildAttributes$$THM_ISAv4$P$D$K$B$S$PE$A:L22UL41UL21$X:L11$S22US41US21$IEEE1$IW$~IW$USESV6$~STKCKD$USESV7$~SHL$OTIME$ROPI$IEEEJ$EBA8$UX$STANDARDLIB$REQ8$PRES8$EABIv2 0x00000000   Number         0  anon$$obj.o ABSOLUTE
    __fp_init_empty                          0x00000000   Number         0  fpinit_empty.o ABSOLUTE
    _printf_flags                            0x00000000   Number         0  printf_stubs.o ABSOLUTE
    _printf_return_value                     0x00000000   Number         0  printf_stubs.o ABSOLUTE
    _printf_sizespec                         0x00000000   Number         0  printf_stubs.o ABSOLUTE
    _printf_widthprec                        0x00000000   Number         0  printf_stubs.o ABSOLUTE
    __ARM_exceptions_init                     - Undefined Weak Reference
    __alloca_initialize                       - Undefined Weak Reference
    __arm_preinit_                            - Undefined Weak Reference
    __arm_relocate_pie_                       - Undefined Weak Reference
    __cpp_initialize__aeabi_                  - Undefined Weak Reference
    __cxa_finalize                            - Undefined Weak Reference
    __sigvec_lookup                           - Undefined Weak Reference
    _atexit_init                              - Undefined Weak Reference
    _call_atexit_fns                          - Undefined Weak Reference
    _clock_init                               - Undefined Weak Reference
    _fp_trap_init                             - Undefined Weak Reference
    _fp_trap_shutdown                         - Undefined Weak Reference
    _get_lc_collate                           - Undefined Weak Reference
    _get_lc_monetary                          - Undefined Weak Reference
    _get_lc_time                              - Undefined Weak Reference
    _getenv_init                              - Undefined Weak Reference
    _handle_redirection                       - Undefined Weak Reference
    _init_alloc                               - Undefined Weak Reference
    _init_user_alloc                          - Undefined Weak Reference
    _initio                                   - Undefined Weak Reference
    _printf_mbtowc                            - Undefined Weak Reference
    _printf_wc                                - Undefined Weak Reference
    _rand_init                                - Undefined Weak Reference
    _signal_finish                            - Undefined Weak Reference
    _signal_init                              - Undefined Weak Reference
    _terminate_alloc                          - Undefined Weak Reference
    _terminate_user_alloc                     - Undefined Weak Reference
    _terminateio                              - Undefined Weak Reference
    __Vectors_Size                           0x000000ec   Number         0  startup_stm32f10x_md.o ABSOLUTE
    __Vectors                                0x08000000   Data           4  startup_stm32f10x_md.o(RESET)
    __Vectors_End                            0x080000ec   Data           0  startup_stm32f10x_md.o(RESET)
    __main                                   0x080000ed   Thumb Code     8  __main.o(!!!main)
    __scatterload                            0x080000f5   Thumb Code     0  __scatter.o(!!!scatter)
    __scatterload_rt2                        0x080000f5   Thumb Code    44  __scatter.o(!!!scatter)
    __scatterload_rt2_thumb_only             0x080000f5   Thumb Code     0  __scatter.o(!!!scatter)
    __scatterload_null                       0x08000103   Thumb Code     0  __scatter.o(!!!scatter)
    __scatterload_copy                       0x08000129   Thumb Code    26  __scatter_copy.o(!!handler_copy)
    __scatterload_zeroinit                   0x08000145   Thumb Code    28  __scatter_zi.o(!!handler_zi)
    _printf_n                                0x08000161   Thumb Code     0  _printf_n.o(.ARM.Collect$$_printf_percent$$00000001)
    _printf_percent                          0x08000161   Thumb Code     0  _printf_percent.o(.ARM.Collect$$_printf_percent$$00000000)
    _printf_p                                0x08000167   Thumb Code     0  _printf_p.o(.ARM.Collect$$_printf_percent$$00000002)
    _printf_f                                0x0800016d   Thumb Code     0  _printf_f.o(.ARM.Collect$$_printf_percent$$00000003)
    _printf_e                                0x08000173   Thumb Code     0  _printf_e.o(.ARM.Collect$$_printf_percent$$00000004)
    _printf_g                                0x08000179   Thumb Code     0  _printf_g.o(.ARM.Collect$$_printf_percent$$00000005)
    _printf_a                                0x0800017f   Thumb Code     0  _printf_a.o(.ARM.Collect$$_printf_percent$$00000006)
    _printf_ll                               0x08000185   Thumb Code     0  _printf_ll.o(.ARM.Collect$$_printf_percent$$00000007)
    _printf_i                                0x0800018f   Thumb Code     0  _printf_i.o(.ARM.Collect$$_printf_percent$$00000008)
    _printf_d                                0x08000195   Thumb Code     0  _printf_d.o(.ARM.Collect$$_printf_percent$$00000009)
    _printf_u                                0x0800019b   Thumb Code     0  _printf_u.o(.ARM.Collect$$_printf_percent$$0000000A)
    _printf_o                                0x080001a1   Thumb Code     0  _printf_o.o(.ARM.Collect$$_printf_percent$$0000000B)
    _printf_x                                0x080001a7   Thumb Code     0  _printf_x.o(.ARM.Collect$$_printf_percent$$0000000C)
    _printf_lli                              0x080001ad   Thumb Code     0  _printf_lli.o(.ARM.Collect$$_printf_percent$$0000000D)
    _printf_lld                              0x080001b3   Thumb Code     0  _printf_lld.o(.ARM.Collect$$_printf_percent$$0000000E)
    _printf_llu                              0x080001b9   Thumb Code     0  _printf_llu.o(.ARM.Collect$$_printf_percent$$0000000F)
    _printf_llo                              0x080001bf   Thumb Code     0  _printf_llo.o(.ARM.Collect$$_printf_percent$$00000010)
    _printf_llx                              0x080001c5   Thumb Code     0  _printf_llx.o(.ARM.Collect$$_printf_percent$$00000011)
    _printf_l                                0x080001cb   Thumb Code     0  _printf_l.o(.ARM.Collect$$_printf_percent$$00000012)
    _printf_c                                0x080001d5   Thumb Code     0  _printf_c.o(.ARM.Collect$$_printf_percent$$00000013)
    _printf_s                                0x080001db   Thumb Code     0  _printf_s.o(.ARM.Collect$$_printf_percent$$00000014)
    _printf_lc                               0x080001e1   Thumb Code     0  _printf_lc.o(.ARM.Collect$$_printf_percent$$00000015)
    _printf_ls                               0x080001e7   Thumb Code     0  _printf_ls.o(.ARM.Collect$$_printf_percent$$00000016)
    _printf_percent_end                      0x080001ed   Thumb Code     0  _printf_percent_end.o(.ARM.Collect$$_printf_percent$$00000017)
    __rt_lib_init                            0x080001f1   Thumb Code     0  libinit.o(.ARM.Collect$$libinit$$00000000)
    __rt_lib_init_fp_1                       0x080001f3   Thumb Code     0  libinit2.o(.ARM.Collect$$libinit$$00000002)
    __rt_lib_init_heap_1                     0x080001f3   Thumb Code     0  libinit2.o(.ARM.Collect$$libinit$$0000000C)
    __rt_lib_init_lc_common                  0x080001f3   Thumb Code     0  libinit2.o(.ARM.Collect$$libinit$$00000011)
    __rt_lib_init_preinit_1                  0x080001f3   Thumb Code     0  libinit2.o(.ARM.Collect$$libinit$$00000006)
    __rt_lib_init_rand_1                     0x080001f3   Thumb Code     0  libinit2.o(.ARM.Collect$$libinit$$00000010)
    __rt_lib_init_relocate_pie_1             0x080001f3   Thumb Code     0  libinit2.o(.ARM.Collect$$libinit$$00000004)
    __rt_lib_init_user_alloc_1               0x080001f3   Thumb Code     0  libinit2.o(.ARM.Collect$$libinit$$0000000E)
    __rt_lib_init_lc_collate_1               0x080001f9   Thumb Code     0  libinit2.o(.ARM.Collect$$libinit$$00000013)
    __rt_lib_init_lc_ctype_2                 0x080001f9   Thumb Code     0  libinit2.o(.ARM.Collect$$libinit$$00000014)
    __rt_lib_init_lc_ctype_1                 0x08000205   Thumb Code     0  libinit2.o(.ARM.Collect$$libinit$$00000015)
    __rt_lib_init_lc_monetary_1              0x08000205   Thumb Code     0  libinit2.o(.ARM.Collect$$libinit$$00000017)
    __rt_lib_init_lc_numeric_2               0x08000205   Thumb Code     0  libinit2.o(.ARM.Collect$$libinit$$00000018)
    __rt_lib_init_alloca_1                   0x0800020f   Thumb Code     0  libinit2.o(.ARM.Collect$$libinit$$00000030)
    __rt_lib_init_argv_1                     0x0800020f   Thumb Code     0  libinit2.o(.ARM.Collect$$libinit$$0000002E)
    __rt_lib_init_atexit_1                   0x0800020f   Thumb Code     0  libinit2.o(.ARM.Collect$$libinit$$0000001D)
    __rt_lib_init_clock_1                    0x0800020f   Thumb Code     0  libinit2.o(.ARM.Collect$$libinit$$00000023)
    __rt_lib_init_cpp_1                      0x0800020f   Thumb Code     0  libinit2.o(.ARM.Collect$$libinit$$00000034)
    __rt_lib_init_exceptions_1               0x0800020f   Thumb Code     0  libinit2.o(.ARM.Collect$$libinit$$00000032)
    __rt_lib_init_fp_trap_1                  0x0800020f   Thumb Code     0  libinit2.o(.ARM.Collect$$libinit$$00000021)
    __rt_lib_init_getenv_1                   0x0800020f   Thumb Code     0  libinit2.o(.ARM.Collect$$libinit$$00000025)
    __rt_lib_init_lc_numeric_1               0x0800020f   Thumb Code     0  libinit2.o(.ARM.Collect$$libinit$$00000019)
    __rt_lib_init_lc_time_1                  0x0800020f   Thumb Code     0  libinit2.o(.ARM.Collect$$libinit$$0000001B)
    __rt_lib_init_return                     0x0800020f   Thumb Code     0  libinit2.o(.ARM.Collect$$libinit$$00000035)
    __rt_lib_init_signal_1                   0x0800020f   Thumb Code     0  libinit2.o(.ARM.Collect$$libinit$$0000001F)
    __rt_lib_init_stdio_1                    0x0800020f   Thumb Code     0  libinit2.o(.ARM.Collect$$libinit$$00000027)
    __rt_lib_shutdown                        0x08000211   Thumb Code     0  libshutdown.o(.ARM.Collect$$libshutdown$$00000000)
    __rt_lib_shutdown_cpp_1                  0x08000213   Thumb Code     0  libshutdown2.o(.ARM.Collect$$libshutdown$$00000002)
    __rt_lib_shutdown_fp_trap_1              0x08000213   Thumb Code     0  libshutdown2.o(.ARM.Collect$$libshutdown$$00000007)
    __rt_lib_shutdown_heap_1                 0x08000213   Thumb Code     0  libshutdown2.o(.ARM.Collect$$libshutdown$$0000000F)
    __rt_lib_shutdown_return                 0x08000213   Thumb Code     0  libshutdown2.o(.ARM.Collect$$libshutdown$$00000010)
    __rt_lib_shutdown_signal_1               0x08000213   Thumb Code     0  libshutdown2.o(.ARM.Collect$$libshutdown$$0000000A)
    __rt_lib_shutdown_stdio_1                0x08000213   Thumb Code     0  libshutdown2.o(.ARM.Collect$$libshutdown$$00000004)
    __rt_lib_shutdown_user_alloc_1           0x08000213   Thumb Code     0  libshutdown2.o(.ARM.Collect$$libshutdown$$0000000C)
    __rt_entry                               0x08000215   Thumb Code     0  __rtentry.o(.ARM.Collect$$rtentry$$00000000)
    __rt_entry_presh_1                       0x08000215   Thumb Code     0  __rtentry2.o(.ARM.Collect$$rtentry$$00000002)
    __rt_entry_sh                            0x08000215   Thumb Code     0  __rtentry4.o(.ARM.Collect$$rtentry$$00000004)
    __rt_entry_li                            0x0800021b   Thumb Code     0  __rtentry2.o(.ARM.Collect$$rtentry$$0000000A)
    __rt_entry_postsh_1                      0x0800021b   Thumb Code     0  __rtentry2.o(.ARM.Collect$$rtentry$$00000009)
    __rt_entry_main                          0x0800021f   Thumb Code     0  __rtentry2.o(.ARM.Collect$$rtentry$$0000000D)
    __rt_entry_postli_1                      0x0800021f   Thumb Code     0  __rtentry2.o(.ARM.Collect$$rtentry$$0000000C)
    __rt_exit                                0x08000227   Thumb Code     0  rtexit.o(.ARM.Collect$$rtexit$$00000000)
    __rt_exit_ls                             0x08000229   Thumb Code     0  rtexit2.o(.ARM.Collect$$rtexit$$00000003)
    __rt_exit_prels_1                        0x08000229   Thumb Code     0  rtexit2.o(.ARM.Collect$$rtexit$$00000002)
    __rt_exit_exit                           0x0800022d   Thumb Code     0  rtexit2.o(.ARM.Collect$$rtexit$$00000004)
    Reset_Handler                            0x08000235   Thumb Code     8  startup_stm32f10x_md.o(.text)
    NMI_Handler                              0x0800023d   Thumb Code     2  startup_stm32f10x_md.o(.text)
    HardFault_Handler                        0x0800023f   Thumb Code     2  startup_stm32f10x_md.o(.text)
    MemManage_Handler                        0x08000241   Thumb Code     2  startup_stm32f10x_md.o(.text)
    BusFault_Handler                         0x08000243   Thumb Code     2  startup_stm32f10x_md.o(.text)
    UsageFault_Handler                       0x08000245   Thumb Code     2  startup_stm32f10x_md.o(.text)
    SVC_Handler                              0x08000247   Thumb Code     2  startup_stm32f10x_md.o(.text)
    DebugMon_Handler                         0x08000249   Thumb Code     2  startup_stm32f10x_md.o(.text)
    PendSV_Handler                           0x0800024b   Thumb Code     2  startup_stm32f10x_md.o(.text)
    ADC1_2_IRQHandler                        0x0800024f   Thumb Code     0  startup_stm32f10x_md.o(.text)
    CAN1_RX1_IRQHandler                      0x0800024f   Thumb Code     0  startup_stm32f10x_md.o(.text)
    CAN1_SCE_IRQHandler                      0x0800024f   Thumb Code     0  startup_stm32f10x_md.o(.text)
    DMA1_Channel1_IRQHandler                 0x0800024f   Thumb Code     0  startup_stm32f10x_md.o(.text)
    DMA1_Channel2_IRQHandler                 0x0800024f   Thumb Code     0  startup_stm32f10x_md.o(.text)
    DMA1_Channel3_IRQHandler                 0x0800024f   Thumb Code     0  startup_stm32f10x_md.o(.text)
    DMA1_Channel4_IRQHandler                 0x0800024f   Thumb Code     0  startup_stm32f10x_md.o(.text)
    DMA1_Channel5_IRQHandler                 0x0800024f   Thumb Code     0  startup_stm32f10x_md.o(.text)
    DMA1_Channel6_IRQHandler                 0x0800024f   Thumb Code     0  startup_stm32f10x_md.o(.text)
    DMA1_Channel7_IRQHandler                 0x0800024f   Thumb Code     0  startup_stm32f10x_md.o(.text)
    EXTI0_IRQHandler                         0x0800024f   Thumb Code     0  startup_stm32f10x_md.o(.text)
    EXTI15_10_IRQHandler                     0x0800024f   Thumb Code     0  startup_stm32f10x_md.o(.text)
    EXTI1_IRQHandler                         0x0800024f   Thumb Code     0  startup_stm32f10x_md.o(.text)
    EXTI2_IRQHandler                         0x0800024f   Thumb Code     0  startup_stm32f10x_md.o(.text)
    EXTI3_IRQHandler                         0x0800024f   Thumb Code     0  startup_stm32f10x_md.o(.text)
    EXTI4_IRQHandler                         0x0800024f   Thumb Code     0  startup_stm32f10x_md.o(.text)
    EXTI9_5_IRQHandler                       0x0800024f   Thumb Code     0  startup_stm32f10x_md.o(.text)
    FLASH_IRQHandler                         0x0800024f   Thumb Code     0  startup_stm32f10x_md.o(.text)
    I2C1_ER_IRQHandler                       0x0800024f   Thumb Code     0  startup_stm32f10x_md.o(.text)
    I2C1_EV_IRQHandler                       0x0800024f   Thumb Code     0  startup_stm32f10x_md.o(.text)
    I2C2_ER_IRQHandler                       0x0800024f   Thumb Code     0  startup_stm32f10x_md.o(.text)
    I2C2_EV_IRQHandler                       0x0800024f   Thumb Code     0  startup_stm32f10x_md.o(.text)
    PVD_IRQHandler                           0x0800024f   Thumb Code     0  startup_stm32f10x_md.o(.text)
    RCC_IRQHandler                           0x0800024f   Thumb Code     0  startup_stm32f10x_md.o(.text)
    RTCAlarm_IRQHandler                      0x0800024f   Thumb Code     0  startup_stm32f10x_md.o(.text)
    RTC_IRQHandler                           0x0800024f   Thumb Code     0  startup_stm32f10x_md.o(.text)
    SPI1_IRQHandler                          0x0800024f   Thumb Code     0  startup_stm32f10x_md.o(.text)
    SPI2_IRQHandler                          0x0800024f   Thumb Code     0  startup_stm32f10x_md.o(.text)
    TAMPER_IRQHandler                        0x0800024f   Thumb Code     0  startup_stm32f10x_md.o(.text)
    TIM1_BRK_IRQHandler                      0x0800024f   Thumb Code     0  startup_stm32f10x_md.o(.text)
    TIM1_CC_IRQHandler                       0x0800024f   Thumb Code     0  startup_stm32f10x_md.o(.text)
    TIM1_TRG_COM_IRQHandler                  0x0800024f   Thumb Code     0  startup_stm32f10x_md.o(.text)
    TIM1_UP_IRQHandler                       0x0800024f   Thumb Code     0  startup_stm32f10x_md.o(.text)
    TIM2_IRQHandler                          0x0800024f   Thumb Code     0  startup_stm32f10x_md.o(.text)
    TIM3_IRQHandler                          0x0800024f   Thumb Code     0  startup_stm32f10x_md.o(.text)
    TIM4_IRQHandler                          0x0800024f   Thumb Code     0  startup_stm32f10x_md.o(.text)
    USART1_IRQHandler                        0x0800024f   Thumb Code     0  startup_stm32f10x_md.o(.text)
    USART2_IRQHandler                        0x0800024f   Thumb Code     0  startup_stm32f10x_md.o(.text)
    USART3_IRQHandler                        0x0800024f   Thumb Code     0  startup_stm32f10x_md.o(.text)
    USBWakeUp_IRQHandler                     0x0800024f   Thumb Code     0  startup_stm32f10x_md.o(.text)
    USB_HP_CAN1_TX_IRQHandler                0x0800024f   Thumb Code     0  startup_stm32f10x_md.o(.text)
    USB_LP_CAN1_RX0_IRQHandler               0x0800024f   Thumb Code     0  startup_stm32f10x_md.o(.text)
    WWDG_IRQHandler                          0x0800024f   Thumb Code     0  startup_stm32f10x_md.o(.text)
    __user_initial_stackheap                 0x08000251   Thumb Code     0  startup_stm32f10x_md.o(.text)
    sprintf                                  0x08000275   Thumb Code    38  sprintf.o(.text)
    __use_two_region_memory                  0x080002a1   Thumb Code     2  heapauxi.o(.text)
    __rt_heap_escrow$2region                 0x080002a3   Thumb Code     2  heapauxi.o(.text)
    __rt_heap_expand$2region                 0x080002a5   Thumb Code     2  heapauxi.o(.text)
    _printf_pre_padding                      0x080002a7   Thumb Code    44  _printf_pad.o(.text)
    _printf_post_padding                     0x080002d3   Thumb Code    34  _printf_pad.o(.text)
    _printf_truncate_signed                  0x080002f5   Thumb Code    18  _printf_truncate.o(.text)
    _printf_truncate_unsigned                0x08000307   Thumb Code    18  _printf_truncate.o(.text)
    _printf_str                              0x08000319   Thumb Code    82  _printf_str.o(.text)
    _printf_int_dec                          0x0800036d   Thumb Code   104  _printf_dec.o(.text)
    _printf_charcount                        0x080003e5   Thumb Code    40  _printf_charcount.o(.text)
    _printf_char_common                      0x08000417   Thumb Code    32  _printf_char_common.o(.text)
    _sputc                                   0x0800043d   Thumb Code    10  _sputc.o(.text)
    _printf_wctomb                           0x08000449   Thumb Code   182  _printf_wctomb.o(.text)
    _printf_longlong_dec                     0x08000505   Thumb Code   108  _printf_longlong_dec.o(.text)
    _printf_longlong_oct                     0x08000581   Thumb Code    68  _printf_oct_int_ll.o(.text)
    _printf_int_oct                          0x080005c5   Thumb Code    24  _printf_oct_int_ll.o(.text)
    _printf_ll_oct                           0x080005dd   Thumb Code    12  _printf_oct_int_ll.o(.text)
    _printf_longlong_hex                     0x080005f1   Thumb Code    86  _printf_hex_int_ll_ptr.o(.text)
    _printf_int_hex                          0x08000647   Thumb Code    28  _printf_hex_int_ll_ptr.o(.text)
    _printf_ll_hex                           0x08000663   Thumb Code    12  _printf_hex_int_ll_ptr.o(.text)
    _printf_hex_ptr                          0x0800066f   Thumb Code    18  _printf_hex_int_ll_ptr.o(.text)
    __printf                                 0x08000685   Thumb Code   388  __printf_flags_ss_wp.o(.text)
    _ll_udiv10                               0x0800080d   Thumb Code   138  lludiv10.o(.text)
    _printf_int_common                       0x08000897   Thumb Code   178  _printf_intcommon.o(.text)
    _printf_fp_dec_real                      0x08000af9   Thumb Code   620  _printf_fp_dec.o(.text)
    _printf_fp_hex_real                      0x08000d65   Thumb Code   756  _printf_fp_hex.o(.text)
    _printf_cs_common                        0x08001061   Thumb Code    20  _printf_char.o(.text)
    _printf_char                             0x08001075   Thumb Code    16  _printf_char.o(.text)
    _printf_string                           0x08001085   Thumb Code     8  _printf_char.o(.text)
    _printf_lcs_common                       0x0800108d   Thumb Code    20  _printf_wchar.o(.text)
    _printf_wchar                            0x080010a1   Thumb Code    16  _printf_wchar.o(.text)
    _printf_wstring                          0x080010b1   Thumb Code     8  _printf_wchar.o(.text)
    _c16rtomb                                0x080010b9   Thumb Code    72  _c16rtomb.o(.text)
    _wcrtomb                                 0x080010b9   Thumb Code     0  _c16rtomb.o(.text)
    __user_setup_stackheap                   0x08001101   Thumb Code    74  sys_stackheap_outer.o(.text)
    __rt_ctype_table                         0x0800114d   Thumb Code    16  rt_ctype_table.o(.text)
    __rt_locale                              0x0800115d   Thumb Code     8  rt_locale_intlibspace.o(.text)
    _printf_fp_infnan                        0x08001165   Thumb Code   112  _printf_fp_infnan.o(.text)
    _btod_etento                             0x080011e5   Thumb Code   224  bigflt0.o(.text)
    exit                                     0x080012c9   Thumb Code    18  exit.o(.text)
    __user_libspace                          0x080012dd   Thumb Code     8  libspace.o(.text)
    __user_perproc_libspace                  0x080012dd   Thumb Code     0  libspace.o(.text)
    __user_perthread_libspace                0x080012dd   Thumb Code     0  libspace.o(.text)
    strcmp                                   0x080012e5   Thumb Code   128  strcmpv7m.o(.text)
    _sys_exit                                0x08001365   Thumb Code     8  sys_exit.o(.text)
    __I$use$semihosting                      0x08001371   Thumb Code     0  use_no_semi.o(.text)
    __use_no_semihosting_swi                 0x08001371   Thumb Code     2  use_no_semi.o(.text)
    __semihosting_library_function           0x08001373   Thumb Code     0  indicate_semi.o(.text)
    DelayInit                                0x08001375   Thumb Code    36  delay.o(.text.DelayInit)
    DelayMs                                  0x08001399   Thumb Code    32  delay.o(.text.DelayMs)
    DelayUs                                  0x080013b9   Thumb Code    38  delay.o(.text.DelayUs)
    GPIO_Init                                0x080013e1   Thumb Code   390  stm32f10x_gpio.o(.text.GPIO_Init)
    GPIO_ResetBits                           0x08001569   Thumb Code    20  stm32f10x_gpio.o(.text.GPIO_ResetBits)
    GPIO_SetBits                             0x0800157d   Thumb Code    20  stm32f10x_gpio.o(.text.GPIO_SetBits)
    My_GPIO_Init                             0x08001591   Thumb Code    52  main.o(.text.My_GPIO_Init)
    RCC_APB2PeriphClockCmd                   0x080015c5   Thumb Code    56  stm32f10x_rcc.o(.text.RCC_APB2PeriphClockCmd)
    RFID_AntennaOn                           0x080015fd   Thumb Code    38  rfid.o(.text.RFID_AntennaOn)
    RFID_Anticoll                            0x08001625   Thumb Code   148  rfid.o(.text.RFID_Anticoll)
    RFID_CalculateCRC                        0x080016b9   Thumb Code   180  rfid.o(.text.RFID_CalculateCRC)
    RFID_Check                               0x0800176d   Thumb Code    50  rfid.o(.text.RFID_Check)
    RFID_ClearBitMask                        0x080017a1   Thumb Code    40  rfid.o(.text.RFID_ClearBitMask)
    RFID_Halt                                0x080017c9   Thumb Code    54  rfid.o(.text.RFID_Halt)
    RFID_Init                                0x08001801   Thumb Code    72  rfid.o(.text.RFID_Init)
    RFID_ReadRegister                        0x08001849   Thumb Code    48  rfid.o(.text.RFID_ReadRegister)
    RFID_Request                             0x08001879   Thumb Code    82  rfid.o(.text.RFID_Request)
    RFID_Reset                               0x080018cd   Thumb Code    12  rfid.o(.text.RFID_Reset)
    RFID_SetBitMask                          0x080018d9   Thumb Code    40  rfid.o(.text.RFID_SetBitMask)
    RFID_ToCard                              0x08001901   Thumb Code   540  rfid.o(.text.RFID_ToCard)
    RFID_WriteRegister                       0x08001b1d   Thumb Code    46  rfid.o(.text.RFID_WriteRegister)
    SPI_Cmd                                  0x08001b4d   Thumb Code    44  stm32f10x_spi.o(.text.SPI_Cmd)
    SPI_Init                                 0x08001b79   Thumb Code   104  stm32f10x_spi.o(.text.SPI_Init)
    SPIx_DisableSlave                        0x08001be1   Thumb Code    14  spi.o(.text.SPIx_DisableSlave)
    SPIx_EnableSlave                         0x08001bf1   Thumb Code    14  spi.o(.text.SPIx_EnableSlave)
    SPIx_Init                                0x08001c01   Thumb Code   162  spi.o(.text.SPIx_Init)
    SPIx_Transfer                            0x08001ca5   Thumb Code   100  spi.o(.text.SPIx_Transfer)
    SysTick_Handler                          0x08001e89   Thumb Code    32  delay.o(.text.SysTick_Handler)
    SystemCoreClockUpdate                    0x08001ea9   Thumb Code   290  system_stm32f10x.o(.text.SystemCoreClockUpdate)
    SystemInit                               0x08001fcd   Thumb Code   102  system_stm32f10x.o(.text.SystemInit)
    main                                     0x08002079   Thumb Code   132  main.o(.text.main)
    _btod_d2e                                0x080020fd   Thumb Code    62  btod.o(CL$$btod_d2e)
    _d2e_denorm_low                          0x0800213b   Thumb Code    70  btod.o(CL$$btod_d2e_denorm_low)
    _d2e_norm_op1                            0x08002181   Thumb Code    96  btod.o(CL$$btod_d2e_norm_op1)
    __btod_div_common                        0x080021e1   Thumb Code   696  btod.o(CL$$btod_div_common)
    _e2e                                     0x08002519   Thumb Code   220  btod.o(CL$$btod_e2e)
    _btod_ediv                               0x080025f5   Thumb Code    42  btod.o(CL$$btod_ediv)
    _btod_emul                               0x0800261f   Thumb Code    42  btod.o(CL$$btod_emul)
    __btod_mult_common                       0x08002649   Thumb Code   580  btod.o(CL$$btod_mult_common)
    __ARM_fpclassify                         0x0800288d   Thumb Code    40  fpclassify.o(i.__ARM_fpclassify)
    _is_digit                                0x080028b5   Thumb Code    14  __printf_wp.o(i._is_digit)
    _get_lc_numeric                          0x080028c5   Thumb Code    44  lc_numeric_c.o(locale$$code)
    _get_lc_ctype                            0x080028f1   Thumb Code    44  lc_ctype_c.o(locale$$code)
    _printf_fp_dec                           0x0800291d   Thumb Code     4  printf1.o(x$fpl$printf1)
    _printf_fp_hex                           0x08002921   Thumb Code     4  printf2.o(x$fpl$printf2)
    __I$use$fp                               0x08002924   Number         0  usenofp.o(x$fpl$usenofp)
    AHBPrescTable                            0x08002a20   Data          16  system_stm32f10x.o(.rodata.AHBPrescTable)
    Region$$Table$$Base                      0x08002a4c   Number         0  anon$$obj.o(Region$$Table)
    Region$$Table$$Limit                     0x08002a6c   Number         0  anon$$obj.o(Region$$Table)
    __ctype                                  0x08002a95   Data           0  lc_ctype_c.o(locale$$data)
    SystemCoreClock                          0x20000000   Data           4  system_stm32f10x.o(.data.SystemCoreClock)
    __libspace_start                         0x20000008   Data          96  libspace.o(.bss)
    CardID                                   0x20000068   Data           5  main.o(.bss.CardID)
    __temporary_stack_top$libspace           0x20000068   Data           0  libspace.o(.bss)
    szBuff                                   0x2000006d   Data         100  main.o(.bss.szBuff)



==============================================================================

Memory Map of the image

  Image Entry point : 0x080000ed

  Load Region LR_IROM1 (Base: 0x08000000, Size: 0x00002ba0, Max: 0x00010000, ABSOLUTE)

    Execution Region ER_IROM1 (Exec base: 0x08000000, Load base: 0x08000000, Size: 0x00002b98, Max: 0x00010000, ABSOLUTE)

    Exec Addr    Load Addr    Size         Type   Attr      Idx    E Section Name        Object

    0x08000000   0x08000000   0x000000ec   Data   RO          553    RESET               startup_stm32f10x_md.o
    0x080000ec   0x080000ec   0x00000008   Code   RO          583  * !!!main             c_w.l(__main.o)
    0x080000f4   0x080000f4   0x00000034   Code   RO          920    !!!scatter          c_w.l(__scatter.o)
    0x08000128   0x08000128   0x0000001a   Code   RO          922    !!handler_copy      c_w.l(__scatter_copy.o)
    0x08000142   0x08000142   0x00000002   PAD
    0x08000144   0x08000144   0x0000001c   Code   RO          924    !!handler_zi        c_w.l(__scatter_zi.o)
    0x08000160   0x08000160   0x00000000   Code   RO          667    .ARM.Collect$$_printf_percent$$00000000  c_w.l(_printf_percent.o)
    0x08000160   0x08000160   0x00000006   Code   RO          656    .ARM.Collect$$_printf_percent$$00000001  c_w.l(_printf_n.o)
    0x08000166   0x08000166   0x00000006   Code   RO          658    .ARM.Collect$$_printf_percent$$00000002  c_w.l(_printf_p.o)
    0x0800016c   0x0800016c   0x00000006   Code   RO          663    .ARM.Collect$$_printf_percent$$00000003  c_w.l(_printf_f.o)
    0x08000172   0x08000172   0x00000006   Code   RO          664    .ARM.Collect$$_printf_percent$$00000004  c_w.l(_printf_e.o)
    0x08000178   0x08000178   0x00000006   Code   RO          665    .ARM.Collect$$_printf_percent$$00000005  c_w.l(_printf_g.o)
    0x0800017e   0x0800017e   0x00000006   Code   RO          666    .ARM.Collect$$_printf_percent$$00000006  c_w.l(_printf_a.o)
    0x08000184   0x08000184   0x0000000a   Code   RO          671    .ARM.Collect$$_printf_percent$$00000007  c_w.l(_printf_ll.o)
    0x0800018e   0x0800018e   0x00000006   Code   RO          660    .ARM.Collect$$_printf_percent$$00000008  c_w.l(_printf_i.o)
    0x08000194   0x08000194   0x00000006   Code   RO          661    .ARM.Collect$$_printf_percent$$00000009  c_w.l(_printf_d.o)
    0x0800019a   0x0800019a   0x00000006   Code   RO          662    .ARM.Collect$$_printf_percent$$0000000A  c_w.l(_printf_u.o)
    0x080001a0   0x080001a0   0x00000006   Code   RO          659    .ARM.Collect$$_printf_percent$$0000000B  c_w.l(_printf_o.o)
    0x080001a6   0x080001a6   0x00000006   Code   RO          657    .ARM.Collect$$_printf_percent$$0000000C  c_w.l(_printf_x.o)
    0x080001ac   0x080001ac   0x00000006   Code   RO          668    .ARM.Collect$$_printf_percent$$0000000D  c_w.l(_printf_lli.o)
    0x080001b2   0x080001b2   0x00000006   Code   RO          669    .ARM.Collect$$_printf_percent$$0000000E  c_w.l(_printf_lld.o)
    0x080001b8   0x080001b8   0x00000006   Code   RO          670    .ARM.Collect$$_printf_percent$$0000000F  c_w.l(_printf_llu.o)
    0x080001be   0x080001be   0x00000006   Code   RO          675    .ARM.Collect$$_printf_percent$$00000010  c_w.l(_printf_llo.o)
    0x080001c4   0x080001c4   0x00000006   Code   RO          676    .ARM.Collect$$_printf_percent$$00000011  c_w.l(_printf_llx.o)
    0x080001ca   0x080001ca   0x0000000a   Code   RO          672    .ARM.Collect$$_printf_percent$$00000012  c_w.l(_printf_l.o)
    0x080001d4   0x080001d4   0x00000006   Code   RO          654    .ARM.Collect$$_printf_percent$$00000013  c_w.l(_printf_c.o)
    0x080001da   0x080001da   0x00000006   Code   RO          655    .ARM.Collect$$_printf_percent$$00000014  c_w.l(_printf_s.o)
    0x080001e0   0x080001e0   0x00000006   Code   RO          673    .ARM.Collect$$_printf_percent$$00000015  c_w.l(_printf_lc.o)
    0x080001e6   0x080001e6   0x00000006   Code   RO          674    .ARM.Collect$$_printf_percent$$00000016  c_w.l(_printf_ls.o)
    0x080001ec   0x080001ec   0x00000004   Code   RO          717    .ARM.Collect$$_printf_percent$$00000017  c_w.l(_printf_percent_end.o)
    0x080001f0   0x080001f0   0x00000002   Code   RO          768    .ARM.Collect$$libinit$$00000000  c_w.l(libinit.o)
    0x080001f2   0x080001f2   0x00000000   Code   RO          787    .ARM.Collect$$libinit$$00000002  c_w.l(libinit2.o)
    0x080001f2   0x080001f2   0x00000000   Code   RO          789    .ARM.Collect$$libinit$$00000004  c_w.l(libinit2.o)
    0x080001f2   0x080001f2   0x00000000   Code   RO          791    .ARM.Collect$$libinit$$00000006  c_w.l(libinit2.o)
    0x080001f2   0x080001f2   0x00000000   Code   RO          794    .ARM.Collect$$libinit$$0000000C  c_w.l(libinit2.o)
    0x080001f2   0x080001f2   0x00000000   Code   RO          796    .ARM.Collect$$libinit$$0000000E  c_w.l(libinit2.o)
    0x080001f2   0x080001f2   0x00000000   Code   RO          798    .ARM.Collect$$libinit$$00000010  c_w.l(libinit2.o)
    0x080001f2   0x080001f2   0x00000006   Code   RO          799    .ARM.Collect$$libinit$$00000011  c_w.l(libinit2.o)
    0x080001f8   0x080001f8   0x00000000   Code   RO          801    .ARM.Collect$$libinit$$00000013  c_w.l(libinit2.o)
    0x080001f8   0x080001f8   0x0000000c   Code   RO          802    .ARM.Collect$$libinit$$00000014  c_w.l(libinit2.o)
    0x08000204   0x08000204   0x00000000   Code   RO          803    .ARM.Collect$$libinit$$00000015  c_w.l(libinit2.o)
    0x08000204   0x08000204   0x00000000   Code   RO          805    .ARM.Collect$$libinit$$00000017  c_w.l(libinit2.o)
    0x08000204   0x08000204   0x0000000a   Code   RO          806    .ARM.Collect$$libinit$$00000018  c_w.l(libinit2.o)
    0x0800020e   0x0800020e   0x00000000   Code   RO          807    .ARM.Collect$$libinit$$00000019  c_w.l(libinit2.o)
    0x0800020e   0x0800020e   0x00000000   Code   RO          809    .ARM.Collect$$libinit$$0000001B  c_w.l(libinit2.o)
    0x0800020e   0x0800020e   0x00000000   Code   RO          811    .ARM.Collect$$libinit$$0000001D  c_w.l(libinit2.o)
    0x0800020e   0x0800020e   0x00000000   Code   RO          813    .ARM.Collect$$libinit$$0000001F  c_w.l(libinit2.o)
    0x0800020e   0x0800020e   0x00000000   Code   RO          815    .ARM.Collect$$libinit$$00000021  c_w.l(libinit2.o)
    0x0800020e   0x0800020e   0x00000000   Code   RO          817    .ARM.Collect$$libinit$$00000023  c_w.l(libinit2.o)
    0x0800020e   0x0800020e   0x00000000   Code   RO          819    .ARM.Collect$$libinit$$00000025  c_w.l(libinit2.o)
    0x0800020e   0x0800020e   0x00000000   Code   RO          821    .ARM.Collect$$libinit$$00000027  c_w.l(libinit2.o)
    0x0800020e   0x0800020e   0x00000000   Code   RO          825    .ARM.Collect$$libinit$$0000002E  c_w.l(libinit2.o)
    0x0800020e   0x0800020e   0x00000000   Code   RO          827    .ARM.Collect$$libinit$$00000030  c_w.l(libinit2.o)
    0x0800020e   0x0800020e   0x00000000   Code   RO          829    .ARM.Collect$$libinit$$00000032  c_w.l(libinit2.o)
    0x0800020e   0x0800020e   0x00000000   Code   RO          831    .ARM.Collect$$libinit$$00000034  c_w.l(libinit2.o)
    0x0800020e   0x0800020e   0x00000002   Code   RO          832    .ARM.Collect$$libinit$$00000035  c_w.l(libinit2.o)
    0x08000210   0x08000210   0x00000002   Code   RO          856    .ARM.Collect$$libshutdown$$00000000  c_w.l(libshutdown.o)
    0x08000212   0x08000212   0x00000000   Code   RO          871    .ARM.Collect$$libshutdown$$00000002  c_w.l(libshutdown2.o)
    0x08000212   0x08000212   0x00000000   Code   RO          873    .ARM.Collect$$libshutdown$$00000004  c_w.l(libshutdown2.o)
    0x08000212   0x08000212   0x00000000   Code   RO          876    .ARM.Collect$$libshutdown$$00000007  c_w.l(libshutdown2.o)
    0x08000212   0x08000212   0x00000000   Code   RO          879    .ARM.Collect$$libshutdown$$0000000A  c_w.l(libshutdown2.o)
    0x08000212   0x08000212   0x00000000   Code   RO          881    .ARM.Collect$$libshutdown$$0000000C  c_w.l(libshutdown2.o)
    0x08000212   0x08000212   0x00000000   Code   RO          884    .ARM.Collect$$libshutdown$$0000000F  c_w.l(libshutdown2.o)
    0x08000212   0x08000212   0x00000002   Code   RO          885    .ARM.Collect$$libshutdown$$00000010  c_w.l(libshutdown2.o)
    0x08000214   0x08000214   0x00000000   Code   RO          585    .ARM.Collect$$rtentry$$00000000  c_w.l(__rtentry.o)
    0x08000214   0x08000214   0x00000000   Code   RO          686    .ARM.Collect$$rtentry$$00000002  c_w.l(__rtentry2.o)
    0x08000214   0x08000214   0x00000006   Code   RO          698    .ARM.Collect$$rtentry$$00000004  c_w.l(__rtentry4.o)
    0x0800021a   0x0800021a   0x00000000   Code   RO          688    .ARM.Collect$$rtentry$$00000009  c_w.l(__rtentry2.o)
    0x0800021a   0x0800021a   0x00000004   Code   RO          689    .ARM.Collect$$rtentry$$0000000A  c_w.l(__rtentry2.o)
    0x0800021e   0x0800021e   0x00000000   Code   RO          691    .ARM.Collect$$rtentry$$0000000C  c_w.l(__rtentry2.o)
    0x0800021e   0x0800021e   0x00000008   Code   RO          692    .ARM.Collect$$rtentry$$0000000D  c_w.l(__rtentry2.o)
    0x08000226   0x08000226   0x00000002   Code   RO          777    .ARM.Collect$$rtexit$$00000000  c_w.l(rtexit.o)
    0x08000228   0x08000228   0x00000000   Code   RO          834    .ARM.Collect$$rtexit$$00000002  c_w.l(rtexit2.o)
    0x08000228   0x08000228   0x00000004   Code   RO          835    .ARM.Collect$$rtexit$$00000003  c_w.l(rtexit2.o)
    0x0800022c   0x0800022c   0x00000006   Code   RO          836    .ARM.Collect$$rtexit$$00000004  c_w.l(rtexit2.o)
    0x08000232   0x08000232   0x00000002   PAD
    0x08000234   0x08000234   0x00000040   Code   RO          554    .text               startup_stm32f10x_md.o
    0x08000274   0x08000274   0x0000002c   Code   RO          579    .text               c_w.l(sprintf.o)
    0x080002a0   0x080002a0   0x00000006   Code   RO          581    .text               c_w.l(heapauxi.o)
    0x080002a6   0x080002a6   0x0000004e   Code   RO          588    .text               c_w.l(_printf_pad.o)
    0x080002f4   0x080002f4   0x00000024   Code   RO          590    .text               c_w.l(_printf_truncate.o)
    0x08000318   0x08000318   0x00000052   Code   RO          592    .text               c_w.l(_printf_str.o)
    0x0800036a   0x0800036a   0x00000002   PAD
    0x0800036c   0x0800036c   0x00000078   Code   RO          594    .text               c_w.l(_printf_dec.o)
    0x080003e4   0x080003e4   0x00000028   Code   RO          596    .text               c_w.l(_printf_charcount.o)
    0x0800040c   0x0800040c   0x00000030   Code   RO          598    .text               c_w.l(_printf_char_common.o)
    0x0800043c   0x0800043c   0x0000000a   Code   RO          600    .text               c_w.l(_sputc.o)
    0x08000446   0x08000446   0x00000002   PAD
    0x08000448   0x08000448   0x000000bc   Code   RO          602    .text               c_w.l(_printf_wctomb.o)
    0x08000504   0x08000504   0x0000007c   Code   RO          605    .text               c_w.l(_printf_longlong_dec.o)
    0x08000580   0x08000580   0x00000070   Code   RO          611    .text               c_w.l(_printf_oct_int_ll.o)
    0x080005f0   0x080005f0   0x00000094   Code   RO          631    .text               c_w.l(_printf_hex_int_ll_ptr.o)
    0x08000684   0x08000684   0x00000188   Code   RO          651    .text               c_w.l(__printf_flags_ss_wp.o)
    0x0800080c   0x0800080c   0x0000008a   Code   RO          700    .text               c_w.l(lludiv10.o)
    0x08000896   0x08000896   0x000000b2   Code   RO          702    .text               c_w.l(_printf_intcommon.o)
    0x08000948   0x08000948   0x0000041c   Code   RO          704    .text               c_w.l(_printf_fp_dec.o)
    0x08000d64   0x08000d64   0x000002fc   Code   RO          708    .text               c_w.l(_printf_fp_hex.o)
    0x08001060   0x08001060   0x0000002c   Code   RO          713    .text               c_w.l(_printf_char.o)
    0x0800108c   0x0800108c   0x0000002c   Code   RO          715    .text               c_w.l(_printf_wchar.o)
    0x080010b8   0x080010b8   0x00000048   Code   RO          718    .text               c_w.l(_c16rtomb.o)
    0x08001100   0x08001100   0x0000004a   Code   RO          720    .text               c_w.l(sys_stackheap_outer.o)
    0x0800114a   0x0800114a   0x00000002   PAD
    0x0800114c   0x0800114c   0x00000010   Code   RO          722    .text               c_w.l(rt_ctype_table.o)
    0x0800115c   0x0800115c   0x00000008   Code   RO          727    .text               c_w.l(rt_locale_intlibspace.o)
    0x08001164   0x08001164   0x00000080   Code   RO          729    .text               c_w.l(_printf_fp_infnan.o)
    0x080011e4   0x080011e4   0x000000e4   Code   RO          731    .text               c_w.l(bigflt0.o)
    0x080012c8   0x080012c8   0x00000012   Code   RO          761    .text               c_w.l(exit.o)
    0x080012da   0x080012da   0x00000002   PAD
    0x080012dc   0x080012dc   0x00000008   Code   RO          774    .text               c_w.l(libspace.o)
    0x080012e4   0x080012e4   0x00000080   Code   RO          784    .text               c_w.l(strcmpv7m.o)
    0x08001364   0x08001364   0x0000000c   Code   RO          846    .text               c_w.l(sys_exit.o)
    0x08001370   0x08001370   0x00000002   Code   RO          861    .text               c_w.l(use_no_semi.o)
    0x08001372   0x08001372   0x00000000   Code   RO          863    .text               c_w.l(indicate_semi.o)
    0x08001372   0x08001372   0x00000002   PAD
    0x08001374   0x08001374   0x00000024   Code   RO           79    .text.DelayInit     delay.o
    0x08001398   0x08001398   0x00000020   Code   RO           85    .text.DelayMs       delay.o
    0x080013b8   0x080013b8   0x00000026   Code   RO           83    .text.DelayUs       delay.o
    0x080013de   0x080013de   0x00000002   PAD
    0x080013e0   0x080013e0   0x00000186   Code   RO          118    .text.GPIO_Init     stm32f10x_gpio.o
    0x08001566   0x08001566   0x00000002   PAD
    0x08001568   0x08001568   0x00000014   Code   RO          132    .text.GPIO_ResetBits  stm32f10x_gpio.o
    0x0800157c   0x0800157c   0x00000014   Code   RO          130    .text.GPIO_SetBits  stm32f10x_gpio.o
    0x08001590   0x08001590   0x00000034   Code   RO            4    .text.My_GPIO_Init  main.o
    0x080015c4   0x080015c4   0x00000038   Code   RO          201    .text.RCC_APB2PeriphClockCmd  stm32f10x_rcc.o
    0x080015fc   0x080015fc   0x00000026   Code   RO           23    .text.RFID_AntennaOn  rfid.o
    0x08001622   0x08001622   0x00000002   PAD
    0x08001624   0x08001624   0x00000094   Code   RO           29    .text.RFID_Anticoll  rfid.o
    0x080016b8   0x080016b8   0x000000b4   Code   RO           45    .text.RFID_CalculateCRC  rfid.o
    0x0800176c   0x0800176c   0x00000032   Code   RO           25    .text.RFID_Check    rfid.o
    0x0800179e   0x0800179e   0x00000002   PAD
    0x080017a0   0x080017a0   0x00000028   Code   RO           39    .text.RFID_ClearBitMask  rfid.o
    0x080017c8   0x080017c8   0x00000036   Code   RO           31    .text.RFID_Halt     rfid.o
    0x080017fe   0x080017fe   0x00000002   PAD
    0x08001800   0x08001800   0x00000048   Code   RO           17    .text.RFID_Init     rfid.o
    0x08001848   0x08001848   0x00000030   Code   RO           35    .text.RFID_ReadRegister  rfid.o
    0x08001878   0x08001878   0x00000052   Code   RO           27    .text.RFID_Request  rfid.o
    0x080018ca   0x080018ca   0x00000002   PAD
    0x080018cc   0x080018cc   0x0000000c   Code   RO           19    .text.RFID_Reset    rfid.o
    0x080018d8   0x080018d8   0x00000028   Code   RO           37    .text.RFID_SetBitMask  rfid.o
    0x08001900   0x08001900   0x0000021c   Code   RO           43    .text.RFID_ToCard   rfid.o
    0x08001b1c   0x08001b1c   0x0000002e   Code   RO           21    .text.RFID_WriteRegister  rfid.o
    0x08001b4a   0x08001b4a   0x00000002   PAD
    0x08001b4c   0x08001b4c   0x0000002c   Code   RO          240    .text.SPI_Cmd       stm32f10x_spi.o
    0x08001b78   0x08001b78   0x00000068   Code   RO          232    .text.SPI_Init      stm32f10x_spi.o
    0x08001be0   0x08001be0   0x0000000e   Code   RO           64    .text.SPIx_DisableSlave  spi.o
    0x08001bee   0x08001bee   0x00000002   PAD
    0x08001bf0   0x08001bf0   0x0000000e   Code   RO           68    .text.SPIx_EnableSlave  spi.o
    0x08001bfe   0x08001bfe   0x00000002   PAD
    0x08001c00   0x08001c00   0x000000a2   Code   RO           62    .text.SPIx_Init     spi.o
    0x08001ca2   0x08001ca2   0x00000002   PAD
    0x08001ca4   0x08001ca4   0x00000064   Code   RO           66    .text.SPIx_Transfer  spi.o
    0x08001d08   0x08001d08   0x00000008   Code   RO          563    .text.SetSysClock   system_stm32f10x.o
    0x08001d10   0x08001d10   0x00000122   Code   RO          567    .text.SetSysClockTo72  system_stm32f10x.o
    0x08001e32   0x08001e32   0x00000002   PAD
    0x08001e34   0x08001e34   0x00000052   Code   RO           81    .text.SysTick_Config  delay.o
    0x08001e86   0x08001e86   0x00000002   PAD
    0x08001e88   0x08001e88   0x00000020   Code   RO           77    .text.SysTick_Handler  delay.o
    0x08001ea8   0x08001ea8   0x00000122   Code   RO          565    .text.SystemCoreClockUpdate  system_stm32f10x.o
    0x08001fca   0x08001fca   0x00000002   PAD
    0x08001fcc   0x08001fcc   0x00000066   Code   RO          561    .text.SystemInit    system_stm32f10x.o
    0x08002032   0x08002032   0x00000002   PAD
    0x08002034   0x08002034   0x00000042   Code   RO           87    .text.__NVIC_SetPriority  delay.o
    0x08002076   0x08002076   0x00000002   PAD
    0x08002078   0x08002078   0x00000084   Code   RO            2    .text.main          main.o
    0x080020fc   0x080020fc   0x0000003e   Code   RO          734    CL$$btod_d2e        c_w.l(btod.o)
    0x0800213a   0x0800213a   0x00000046   Code   RO          736    CL$$btod_d2e_denorm_low  c_w.l(btod.o)
    0x08002180   0x08002180   0x00000060   Code   RO          735    CL$$btod_d2e_norm_op1  c_w.l(btod.o)
    0x080021e0   0x080021e0   0x00000338   Code   RO          744    CL$$btod_div_common  c_w.l(btod.o)
    0x08002518   0x08002518   0x000000dc   Code   RO          741    CL$$btod_e2e        c_w.l(btod.o)
    0x080025f4   0x080025f4   0x0000002a   Code   RO          738    CL$$btod_ediv       c_w.l(btod.o)
    0x0800261e   0x0800261e   0x0000002a   Code   RO          737    CL$$btod_emul       c_w.l(btod.o)
    0x08002648   0x08002648   0x00000244   Code   RO          743    CL$$btod_mult_common  c_w.l(btod.o)
    0x0800288c   0x0800288c   0x00000028   Code   RO          772    i.__ARM_fpclassify  m_ws.l(fpclassify.o)
    0x080028b4   0x080028b4   0x0000000e   Code   RO          644    i._is_digit         c_w.l(__printf_wp.o)
    0x080028c2   0x080028c2   0x00000002   PAD
    0x080028c4   0x080028c4   0x0000002c   Code   RO          759    locale$$code        c_w.l(lc_numeric_c.o)
    0x080028f0   0x080028f0   0x0000002c   Code   RO          782    locale$$code        c_w.l(lc_ctype_c.o)
    0x0800291c   0x0800291c   0x00000004   Code   RO          677    x$fpl$printf1       fz_ws.l(printf1.o)
    0x08002920   0x08002920   0x00000004   Code   RO          679    x$fpl$printf2       fz_ws.l(printf2.o)
    0x08002924   0x08002924   0x00000000   Code   RO          771    x$fpl$usenofp       fz_ws.l(usenofp.o)
    0x08002924   0x08002924   0x00000008   Data   RO          603    .constdata          c_w.l(_printf_wctomb.o)
    0x0800292c   0x0800292c   0x00000028   Data   RO          632    .constdata          c_w.l(_printf_hex_int_ll_ptr.o)
    0x08002954   0x08002954   0x00000011   Data   RO          652    .constdata          c_w.l(__printf_flags_ss_wp.o)
    0x08002965   0x08002965   0x00000026   Data   RO          709    .constdata          c_w.l(_printf_fp_hex.o)
    0x0800298b   0x0800298b   0x00000001   PAD
    0x0800298c   0x0800298c   0x00000094   Data   RO          732    .constdata          c_w.l(bigflt0.o)
    0x08002a20   0x08002a20   0x00000010   Data   RO          570    .rodata.AHBPrescTable  system_stm32f10x.o
    0x08002a30   0x08002a30   0x0000001b   Data   RO            8    .rodata.str1.1      main.o
    0x08002a4b   0x08002a4b   0x00000001   PAD
    0x08002a4c   0x08002a4c   0x00000020   Data   RO          919    Region$$Table       anon$$obj.o
    0x08002a6c   0x08002a6c   0x0000001c   Data   RO          758    locale$$data        c_w.l(lc_numeric_c.o)
    0x08002a88   0x08002a88   0x00000110   Data   RO          781    locale$$data        c_w.l(lc_ctype_c.o)


    Execution Region RW_IRAM1 (Exec base: 0x20000000, Load base: 0x08002b98, Size: 0x000006d8, Max: 0x00005000, ABSOLUTE)

    Exec Addr    Load Addr    Size         Type   Attr      Idx    E Section Name        Object

    0x20000000   0x08002b98   0x00000004   Data   RW          569    .data.SystemCoreClock  system_stm32f10x.o
    0x20000004   0x08002b9c   0x00000004   PAD
    0x20000008        -       0x00000060   Zero   RW          775    .bss                c_w.l(libspace.o)
    0x20000068        -       0x00000005   Zero   RW            6    .bss.CardID         main.o
    0x2000006d        -       0x00000064   Zero   RW            7    .bss.szBuff         main.o
    0x200000d1   0x08002b9c   0x00000003   PAD
    0x200000d4        -       0x00000004   Zero   RW           89    .bss.usTicks        delay.o
    0x200000d8        -       0x00000200   Zero   RW          552    HEAP                startup_stm32f10x_md.o
    0x200002d8        -       0x00000400   Zero   RW          551    STACK               startup_stm32f10x_md.o


==============================================================================

Image component sizes


      Code (inc. data)   RO Data    RW Data    ZI Data      Debug   Object Name

       286          0          0          0          4       3731   delay.o
       184          0         27          0        105       1951   main.o
      1350          0          0          0          0       5282   rfid.o
       290          0          0          0          0       2684   spi.o
        64         26        236          0       1536        836   startup_stm32f10x_md.o
       430          0          0          0          0       5673   stm32f10x_gpio.o
        56          0          0          0          0       6992   stm32f10x_rcc.o
       148          0          0          0          0       6582   stm32f10x_spi.o
       690          0         16          4          0       2856   system_stm32f10x.o

    ----------------------------------------------------------------------
      3528         26        312          4       1652      36587   Object Totals
         0          0         32          0          0          0   (incl. Generated)
        30          0          1          0          7          0   (incl. Padding)

    ----------------------------------------------------------------------

      Code (inc. data)   RO Data    RW Data    ZI Data      Debug   Library Member Name

         8          0          0          0          0         68   __main.o
       392          4         17          0          0         92   __printf_flags_ss_wp.o
        14          0          0          0          0         68   __printf_wp.o
         0          0          0          0          0          0   __rtentry.o
        12          0          0          0          0          0   __rtentry2.o
         6          0          0          0          0          0   __rtentry4.o
        52          8          0          0          0          0   __scatter.o
        26          0          0          0          0          0   __scatter_copy.o
        28          0          0          0          0          0   __scatter_zi.o
        72          0          0          0          0         96   _c16rtomb.o
         6          0          0          0          0          0   _printf_a.o
         6          0          0          0          0          0   _printf_c.o
        44          0          0          0          0        108   _printf_char.o
        48          6          0          0          0         96   _printf_char_common.o
        40          0          0          0          0         68   _printf_charcount.o
         6          0          0          0          0          0   _printf_d.o
       120         16          0          0          0         92   _printf_dec.o
         6          0          0          0          0          0   _printf_e.o
         6          0          0          0          0          0   _printf_f.o
      1052          0          0          0          0        148   _printf_fp_dec.o
       764          8         38          0          0        100   _printf_fp_hex.o
       128         16          0          0          0         84   _printf_fp_infnan.o
         6          0          0          0          0          0   _printf_g.o
       148          4         40          0          0        160   _printf_hex_int_ll_ptr.o
         6          0          0          0          0          0   _printf_i.o
       178          0          0          0          0         88   _printf_intcommon.o
        10          0          0          0          0          0   _printf_l.o
         6          0          0          0          0          0   _printf_lc.o
        10          0          0          0          0          0   _printf_ll.o
         6          0          0          0          0          0   _printf_lld.o
         6          0          0          0          0          0   _printf_lli.o
         6          0          0          0          0          0   _printf_llo.o
         6          0          0          0          0          0   _printf_llu.o
         6          0          0          0          0          0   _printf_llx.o
       124         16          0          0          0         92   _printf_longlong_dec.o
         6          0          0          0          0          0   _printf_ls.o
         6          0          0          0          0          0   _printf_n.o
         6          0          0          0          0          0   _printf_o.o
       112          8          0          0          0        124   _printf_oct_int_ll.o
         6          0          0          0          0          0   _printf_p.o
        78          0          0          0          0        108   _printf_pad.o
         0          0          0          0          0          0   _printf_percent.o
         4          0          0          0          0          0   _printf_percent_end.o
         6          0          0          0          0          0   _printf_s.o
        82          0          0          0          0         80   _printf_str.o
        36          0          0          0          0         84   _printf_truncate.o
         6          0          0          0          0          0   _printf_u.o
        44          0          0          0          0        108   _printf_wchar.o
       188          6          8          0          0         92   _printf_wctomb.o
         6          0          0          0          0          0   _printf_x.o
        10          0          0          0          0         68   _sputc.o
       228          4        148          0          0         96   bigflt0.o
      1936        128          0          0          0        668   btod.o
        18          0          0          0          0         80   exit.o
         6          0          0          0          0        152   heapauxi.o
         0          0          0          0          0          0   indicate_semi.o
        44         10        272          0          0         76   lc_ctype_c.o
        44         10         28          0          0         76   lc_numeric_c.o
         2          0          0          0          0          0   libinit.o
        30          0          0          0          0          0   libinit2.o
         2          0          0          0          0          0   libshutdown.o
         2          0          0          0          0          0   libshutdown2.o
         8          4          0          0         96         68   libspace.o
       138          0          0          0          0         80   lludiv10.o
        16          4          0          0          0         76   rt_ctype_table.o
         8          4          0          0          0         68   rt_locale_intlibspace.o
         2          0          0          0          0          0   rtexit.o
        10          0          0          0          0          0   rtexit2.o
        44          6          0          0          0         84   sprintf.o
       128          0          0          0          0         68   strcmpv7m.o
        12          4          0          0          0         68   sys_exit.o
        74          0          0          0          0         80   sys_stackheap_outer.o
         2          0          0          0          0         68   use_no_semi.o
         4          0          0          0          0         68   printf1.o
         4          0          0          0          0         68   printf2.o
         0          0          0          0          0          0   usenofp.o
        40          0          0          0          0         68   fpclassify.o

    ----------------------------------------------------------------------
      6768        266        552          0         96       4036   Library Totals
        16          0          1          0          0          0   (incl. Padding)

    ----------------------------------------------------------------------

      Code (inc. data)   RO Data    RW Data    ZI Data      Debug   Library Name

      6704        266        551          0         96       3832   c_w.l
         8          0          0          0          0        136   fz_ws.l
        40          0          0          0          0         68   m_ws.l

    ----------------------------------------------------------------------
      6768        266        552          0         96       4036   Library Totals

    ----------------------------------------------------------------------

==============================================================================


      Code (inc. data)   RO Data    RW Data    ZI Data      Debug   

     10296        292        864          4       1748      38347   Grand Totals
     10296        292        864          4       1748      38347   ELF Image Totals
     10296        292        864          4          0          0   ROM Totals

==============================================================================

    Total RO  Size (Code + RO Data)                11160 (  10.90kB)
    Total RW  Size (RW Data + ZI Data)              1752 (   1.71kB)
    Total ROM Size (Code + RO Data + RW Data)      11164 (  10.90kB)

==============================================================================

